[0.021s] Invoking command in '/mnt/external/DIY/CameraModule/autonomous_rc/build/lane_detection': CMAKE_PREFIX_PATH=/home/u_ramesa2/micromamba/envs/ros_env_jazzy CONDA_PROMPT_MODIFIER=(ros_env_jazzy) /home/u_ramesa2/micromamba/envs/ros_env_jazzy/bin/cmake /mnt/external/DIY/CameraModule/autonomous_rc/src/lane_detection -DCMAKE_BUILD_TYPE=Release -DAMENT_CMAKE_SYMLINK_INSTALL=1 -DCMAKE_INSTALL_PREFIX=/mnt/external/DIY/CameraModule/autonomous_rc/install/lane_detection
[0.096s] -- The C compiler identification is GNU 15.3.0
[0.247s] -- The CXX compiler identification is GNU 15.3.0
[0.260s] -- Detecting C compiler ABI info
[0.364s] -- Detecting C compiler ABI info - done
[0.389s] -- Check for working C compiler: /home/u_ramesa2/micromamba/envs/ros_env_jazzy/bin/cc - skipped
[0.390s] -- Detecting C compile features
[0.391s] -- Detecting C compile features - done
[0.410s] -- Detecting CXX compiler ABI info
[0.578s] -- Detecting CXX compiler ABI info - done
[0.607s] -- Check for working CXX compiler: /home/u_ramesa2/micromamba/envs/ros_env_jazzy/bin/c++ - skipped
[0.608s] -- Detecting CXX compile features
[0.609s] -- Detecting CXX compile features - done
[0.623s] -- Found ament_cmake: 2.5.6 (/home/u_ramesa2/micromamba/envs/ros_env_jazzy/share/ament_cmake/cmake)
[0.821s] -- Found Python3: /home/u_ramesa2/micromamba/envs/ros_env_jazzy/bin/python3 (found version "3.12.14") found components: Interpreter
[0.929s] -- Override CMake install command with custom implementation using symlinks instead of copying resources
[0.986s] -- Found rclcpp: 28.1.21 (/home/u_ramesa2/micromamba/envs/ros_env_jazzy/share/rclcpp/cmake)
[1.044s] -- Found rosidl_generator_c: 4.6.9 (/home/u_ramesa2/micromamba/envs/ros_env_jazzy/share/rosidl_generator_c/cmake)
[1.070s] -- Found rosidl_generator_cpp: 4.6.9 (/home/u_ramesa2/micromamba/envs/ros_env_jazzy/share/rosidl_generator_cpp/cmake)
[1.094s] -- Using all available rosidl_typesupport_c: rosidl_typesupport_fastrtps_c;rosidl_typesupport_introspection_c
[1.119s] -- Using all available rosidl_typesupport_cpp: rosidl_typesupport_fastrtps_cpp;rosidl_typesupport_introspection_cpp
[1.228s] -- Found rmw_implementation_cmake: 7.3.3 (/home/u_ramesa2/micromamba/envs/ros_env_jazzy/share/rmw_implementation_cmake/cmake)
[1.233s] -- Found rmw_fastrtps_cpp: 8.4.4 (/home/u_ramesa2/micromamba/envs/ros_env_jazzy/share/rmw_fastrtps_cpp/cmake)
[1.755s] -- Found OpenSSL: /home/u_ramesa2/micromamba/envs/ros_env_jazzy/lib/libcrypto.so (found version "3.6.4")
[1.803s] -- Found FastRTPS: /home/u_ramesa2/micromamba/envs/ros_env_jazzy/include (Required is at least version "2.13")
[1.874s] -- Using RMW implementation 'rmw_fastrtps_cpp' as default
[2.029s] -- Found sensor_msgs: 5.3.8 (/home/u_ramesa2/micromamba/envs/ros_env_jazzy/share/sensor_msgs/cmake)
[2.150s] -- Found nav_msgs: 5.3.8 (/home/u_ramesa2/micromamba/envs/ros_env_jazzy/share/nav_msgs/cmake)
[2.205s] -- Found cv_bridge: 4.1.0 (/home/u_ramesa2/micromamba/envs/ros_env_jazzy/share/cv_bridge/cmake)
[2.225s] -- Found image_transport: 5.1.8 (/home/u_ramesa2/micromamba/envs/ros_env_jazzy/share/image_transport/cmake)
[2.270s] -- Found OpenCV: /home/u_ramesa2/micromamba/envs/ros_env_jazzy (found version "4.13.0")
[2.272s] -- Performing Test CMAKE_HAVE_LIBC_PTHREAD
[2.391s] -- Performing Test CMAKE_HAVE_LIBC_PTHREAD - Success
[2.392s] -- Found Threads: TRUE
[2.396s] -- lane_detection: OpenCV CUDA modules not found, building CPU-only path
[2.405s] -- Found ament_lint_auto: 0.17.5 (/home/u_ramesa2/micromamba/envs/ros_env_jazzy/share/ament_lint_auto/cmake)
[2.609s] -- Added test 'copyright' to check source files copyright and LICENSE
[2.611s] -- Added test 'cppcheck' to perform static code analysis on C / C++ code
[2.611s] -- Configured cppcheck include dirs: /mnt/external/DIY/CameraModule/autonomous_rc/src/lane_detection/include
[2.611s] -- Configured cppcheck exclude dirs and/or files: 
[2.613s] -- Added test 'cpplint' to check C / C++ code against the Google style
[2.613s] -- Configured cpplint exclude dirs and/or files: 
[2.613s] -- Added test 'flake8' to check Python code syntax and style conventions
[2.614s] -- Configured 'flake8' exclude dirs and/or files: 
[2.615s] -- Added test 'lint_cmake' to check CMake code style
[2.615s] -- Added test 'pep257' to check Python code against some of the docstring style conventions in PEP 257
[2.617s] -- Added test 'uncrustify' to check C / C++ code style
[2.618s] -- Configured uncrustify additional arguments: 
[2.618s] -- Added test 'xmllint' to check XML markup files
[2.622s] -- Configuring done (2.6s)
[2.671s] -- Generating done (0.0s)
[2.768s] -- Build files have been written to: /mnt/external/DIY/CameraModule/autonomous_rc/build/lane_detection
[2.782s] Invoked command in '/mnt/external/DIY/CameraModule/autonomous_rc/build/lane_detection' returned '0': CMAKE_PREFIX_PATH=/home/u_ramesa2/micromamba/envs/ros_env_jazzy CONDA_PROMPT_MODIFIER=(ros_env_jazzy) /home/u_ramesa2/micromamba/envs/ros_env_jazzy/bin/cmake /mnt/external/DIY/CameraModule/autonomous_rc/src/lane_detection -DCMAKE_BUILD_TYPE=Release -DAMENT_CMAKE_SYMLINK_INSTALL=1 -DCMAKE_INSTALL_PREFIX=/mnt/external/DIY/CameraModule/autonomous_rc/install/lane_detection
[2.783s] Invoking command in '/mnt/external/DIY/CameraModule/autonomous_rc/build/lane_detection': CMAKE_PREFIX_PATH=/home/u_ramesa2/micromamba/envs/ros_env_jazzy CONDA_PROMPT_MODIFIER=(ros_env_jazzy) /home/u_ramesa2/micromamba/envs/ros_env_jazzy/bin/cmake --build /mnt/external/DIY/CameraModule/autonomous_rc/build/lane_detection -- -j20 -l20
[2.850s] [ 20%] Building CXX object CMakeFiles/lane_detector.dir/src/lane_detector.cpp.o
[6.189s] [ 40%] Linking CXX static library liblane_detector.a
[6.224s] [ 40%] Built target lane_detector
[6.252s] [ 80%] Building CXX object CMakeFiles/lane_detection_node.dir/src/lane_detection_node.cpp.o
[6.252s] [ 80%] Building CXX object CMakeFiles/lane_detection_node.dir/src/main.cpp.o
[27.439s] [100%] Linking CXX executable lane_detection_node
[28.131s] [100%] Built target lane_detection_node
[28.169s] Invoked command in '/mnt/external/DIY/CameraModule/autonomous_rc/build/lane_detection' returned '0': CMAKE_PREFIX_PATH=/home/u_ramesa2/micromamba/envs/ros_env_jazzy CONDA_PROMPT_MODIFIER=(ros_env_jazzy) /home/u_ramesa2/micromamba/envs/ros_env_jazzy/bin/cmake --build /mnt/external/DIY/CameraModule/autonomous_rc/build/lane_detection -- -j20 -l20
[28.171s] Invoking command in '/mnt/external/DIY/CameraModule/autonomous_rc/build/lane_detection': CMAKE_PREFIX_PATH=/home/u_ramesa2/micromamba/envs/ros_env_jazzy CONDA_PROMPT_MODIFIER=(ros_env_jazzy) /home/u_ramesa2/micromamba/envs/ros_env_jazzy/bin/cmake --install /mnt/external/DIY/CameraModule/autonomous_rc/build/lane_detection
[28.180s] -- Install configuration: "Release"
[28.181s] -- Execute custom install script
[28.181s] -- Symlinking: /mnt/external/DIY/CameraModule/autonomous_rc/install/lane_detection/lib/lane_detection/lane_detection_node
[28.190s] -- Symlinking: /mnt/external/DIY/CameraModule/autonomous_rc/install/lane_detection/lib/liblane_detector.a
[28.200s] -- Symlinking: /mnt/external/DIY/CameraModule/autonomous_rc/install/lane_detection/share/lane_detection/launch/lane_detection.launch.py
[28.208s] -- Symlinking: /mnt/external/DIY/CameraModule/autonomous_rc/install/lane_detection/share/ament_index/resource_index/package_run_dependencies/lane_detection
[28.216s] -- Symlinking: /mnt/external/DIY/CameraModule/autonomous_rc/install/lane_detection/share/ament_index/resource_index/parent_prefix_path/lane_detection
[28.225s] -- Symlinking: /mnt/external/DIY/CameraModule/autonomous_rc/install/lane_detection/share/lane_detection/environment/ament_prefix_path.sh
[28.233s] -- Symlinking: /mnt/external/DIY/CameraModule/autonomous_rc/install/lane_detection/share/lane_detection/environment/ament_prefix_path.dsv
[28.241s] -- Symlinking: /mnt/external/DIY/CameraModule/autonomous_rc/install/lane_detection/share/lane_detection/environment/path.sh
[28.250s] -- Symlinking: /mnt/external/DIY/CameraModule/autonomous_rc/install/lane_detection/share/lane_detection/environment/path.dsv
[28.259s] -- Symlinking: /mnt/external/DIY/CameraModule/autonomous_rc/install/lane_detection/share/lane_detection/local_setup.bash
[28.269s] -- Symlinking: /mnt/external/DIY/CameraModule/autonomous_rc/install/lane_detection/share/lane_detection/local_setup.sh
[28.276s] -- Symlinking: /mnt/external/DIY/CameraModule/autonomous_rc/install/lane_detection/share/lane_detection/local_setup.zsh
[28.284s] -- Symlinking: /mnt/external/DIY/CameraModule/autonomous_rc/install/lane_detection/share/lane_detection/local_setup.dsv
[28.293s] -- Symlinking: /mnt/external/DIY/CameraModule/autonomous_rc/install/lane_detection/share/lane_detection/package.dsv
[28.302s] -- Symlinking: /mnt/external/DIY/CameraModule/autonomous_rc/install/lane_detection/share/ament_index/resource_index/packages/lane_detection
[28.310s] -- Symlinking: /mnt/external/DIY/CameraModule/autonomous_rc/install/lane_detection/share/lane_detection/cmake/lane_detectionConfig.cmake
[28.319s] -- Symlinking: /mnt/external/DIY/CameraModule/autonomous_rc/install/lane_detection/share/lane_detection/cmake/lane_detectionConfig-version.cmake
[28.329s] -- Symlinking: /mnt/external/DIY/CameraModule/autonomous_rc/install/lane_detection/share/lane_detection/package.xml
[28.338s] Invoked command in '/mnt/external/DIY/CameraModule/autonomous_rc/build/lane_detection' returned '0': CMAKE_PREFIX_PATH=/home/u_ramesa2/micromamba/envs/ros_env_jazzy CONDA_PROMPT_MODIFIER=(ros_env_jazzy) /home/u_ramesa2/micromamba/envs/ros_env_jazzy/bin/cmake --install /mnt/external/DIY/CameraModule/autonomous_rc/build/lane_detection
