[0.009s] Invoking command in '/mnt/external/DIY/CameraModule/autonomous_rc/build/diagnostics': AMENT_PREFIX_PATH=/mnt/external/DIY/CameraModule/autonomous_rc/install/safety_manager:${AMENT_PREFIX_PATH} CMAKE_PREFIX_PATH=/mnt/external/DIY/CameraModule/autonomous_rc/install/safety_manager:/home/u_ramesa2/micromamba/envs/ros_env_jazzy CONDA_PROMPT_MODIFIER=(ros_env_jazzy) LD_LIBRARY_PATH=/mnt/external/DIY/CameraModule/autonomous_rc/install/safety_manager/lib PYTHONPATH=/mnt/external/DIY/CameraModule/autonomous_rc/install/safety_manager/lib/python3.12/site-packages:${PYTHONPATH} /home/u_ramesa2/micromamba/envs/ros_env_jazzy/bin/cmake /mnt/external/DIY/CameraModule/autonomous_rc/src/diagnostics -DCMAKE_BUILD_TYPE=Release -DAMENT_CMAKE_SYMLINK_INSTALL=1 -DCMAKE_INSTALL_PREFIX=/mnt/external/DIY/CameraModule/autonomous_rc/install/diagnostics
[0.075s] -- The C compiler identification is GNU 15.3.0
[0.183s] -- The CXX compiler identification is GNU 15.3.0
[0.194s] -- Detecting C compiler ABI info
[0.285s] -- Detecting C compiler ABI info - done
[0.312s] -- Check for working C compiler: /home/u_ramesa2/micromamba/envs/ros_env_jazzy/bin/cc - skipped
[0.313s] -- Detecting C compile features
[0.313s] -- Detecting C compile features - done
[0.328s] -- Detecting CXX compiler ABI info
[0.484s] -- Detecting CXX compiler ABI info - done
[0.508s] -- Check for working CXX compiler: /home/u_ramesa2/micromamba/envs/ros_env_jazzy/bin/c++ - skipped
[0.509s] -- Detecting CXX compile features
[0.509s] -- Detecting CXX compile features - done
[0.523s] -- Found ament_cmake: 2.5.6 (/home/u_ramesa2/micromamba/envs/ros_env_jazzy/share/ament_cmake/cmake)
[0.692s] -- Found Python3: /home/u_ramesa2/micromamba/envs/ros_env_jazzy/bin/python3 (found version "3.12.14") found components: Interpreter
[0.779s] -- Override CMake install command with custom implementation using symlinks instead of copying resources
[0.841s] -- Found rclcpp: 28.1.21 (/home/u_ramesa2/micromamba/envs/ros_env_jazzy/share/rclcpp/cmake)
[0.898s] -- Found rosidl_generator_c: 4.6.9 (/home/u_ramesa2/micromamba/envs/ros_env_jazzy/share/rosidl_generator_c/cmake)
[0.919s] -- Found rosidl_generator_cpp: 4.6.9 (/home/u_ramesa2/micromamba/envs/ros_env_jazzy/share/rosidl_generator_cpp/cmake)
[0.942s] -- Using all available rosidl_typesupport_c: rosidl_typesupport_fastrtps_c;rosidl_typesupport_introspection_c
[0.968s] -- Using all available rosidl_typesupport_cpp: rosidl_typesupport_fastrtps_cpp;rosidl_typesupport_introspection_cpp
[1.078s] -- Found rmw_implementation_cmake: 7.3.3 (/home/u_ramesa2/micromamba/envs/ros_env_jazzy/share/rmw_implementation_cmake/cmake)
[1.083s] -- Found rmw_fastrtps_cpp: 8.4.4 (/home/u_ramesa2/micromamba/envs/ros_env_jazzy/share/rmw_fastrtps_cpp/cmake)
[1.484s] -- Found OpenSSL: /home/u_ramesa2/micromamba/envs/ros_env_jazzy/lib/libcrypto.so (found version "3.6.4")
[1.522s] -- Found FastRTPS: /home/u_ramesa2/micromamba/envs/ros_env_jazzy/include (Required is at least version "2.13")
[1.581s] -- Using RMW implementation 'rmw_fastrtps_cpp' as default
[1.696s] -- Found diagnostic_msgs: 5.3.8 (/home/u_ramesa2/micromamba/envs/ros_env_jazzy/share/diagnostic_msgs/cmake)
[1.747s] -- Found nav_msgs: 5.3.8 (/home/u_ramesa2/micromamba/envs/ros_env_jazzy/share/nav_msgs/cmake)
[1.809s] -- Found ackermann_msgs: 2.0.2 (/home/u_ramesa2/micromamba/envs/ros_env_jazzy/share/ackermann_msgs/cmake)
[1.829s] -- Found safety_manager: 1.0.0 (/mnt/external/DIY/CameraModule/autonomous_rc/install/safety_manager/share/safety_manager/cmake)
[1.856s] -- Found ament_lint_auto: 0.17.5 (/home/u_ramesa2/micromamba/envs/ros_env_jazzy/share/ament_lint_auto/cmake)
[2.004s] -- Added test 'copyright' to check source files copyright and LICENSE
[2.006s] -- Added test 'cppcheck' to perform static code analysis on C / C++ code
[2.007s] -- Configured cppcheck include dirs: /mnt/external/DIY/CameraModule/autonomous_rc/src/diagnostics/include
[2.007s] -- Configured cppcheck exclude dirs and/or files: 
[2.009s] -- Added test 'cpplint' to check C / C++ code against the Google style
[2.009s] -- Configured cpplint exclude dirs and/or files: 
[2.009s] -- Added test 'flake8' to check Python code syntax and style conventions
[2.009s] -- Configured 'flake8' exclude dirs and/or files: 
[2.010s] -- Added test 'lint_cmake' to check CMake code style
[2.011s] -- Added test 'pep257' to check Python code against some of the docstring style conventions in PEP 257
[2.013s] -- Added test 'uncrustify' to check C / C++ code style
[2.013s] -- Configured uncrustify additional arguments: 
[2.013s] -- Added test 'xmllint' to check XML markup files
[2.016s] -- Configuring done (2.0s)
[2.045s] -- Generating done (0.0s)
[2.097s] -- Build files have been written to: /mnt/external/DIY/CameraModule/autonomous_rc/build/diagnostics
[2.108s] Invoked command in '/mnt/external/DIY/CameraModule/autonomous_rc/build/diagnostics' returned '0': AMENT_PREFIX_PATH=/mnt/external/DIY/CameraModule/autonomous_rc/install/safety_manager:${AMENT_PREFIX_PATH} CMAKE_PREFIX_PATH=/mnt/external/DIY/CameraModule/autonomous_rc/install/safety_manager:/home/u_ramesa2/micromamba/envs/ros_env_jazzy CONDA_PROMPT_MODIFIER=(ros_env_jazzy) LD_LIBRARY_PATH=/mnt/external/DIY/CameraModule/autonomous_rc/install/safety_manager/lib PYTHONPATH=/mnt/external/DIY/CameraModule/autonomous_rc/install/safety_manager/lib/python3.12/site-packages:${PYTHONPATH} /home/u_ramesa2/micromamba/envs/ros_env_jazzy/bin/cmake /mnt/external/DIY/CameraModule/autonomous_rc/src/diagnostics -DCMAKE_BUILD_TYPE=Release -DAMENT_CMAKE_SYMLINK_INSTALL=1 -DCMAKE_INSTALL_PREFIX=/mnt/external/DIY/CameraModule/autonomous_rc/install/diagnostics
[2.109s] Invoking command in '/mnt/external/DIY/CameraModule/autonomous_rc/build/diagnostics': AMENT_PREFIX_PATH=/mnt/external/DIY/CameraModule/autonomous_rc/install/safety_manager:${AMENT_PREFIX_PATH} CMAKE_PREFIX_PATH=/mnt/external/DIY/CameraModule/autonomous_rc/install/safety_manager:/home/u_ramesa2/micromamba/envs/ros_env_jazzy CONDA_PROMPT_MODIFIER=(ros_env_jazzy) LD_LIBRARY_PATH=/mnt/external/DIY/CameraModule/autonomous_rc/install/safety_manager/lib PYTHONPATH=/mnt/external/DIY/CameraModule/autonomous_rc/install/safety_manager/lib/python3.12/site-packages:${PYTHONPATH} /home/u_ramesa2/micromamba/envs/ros_env_jazzy/bin/cmake --build /mnt/external/DIY/CameraModule/autonomous_rc/build/diagnostics -- -j20 -l20
[2.161s] [ 20%] Building CXX object CMakeFiles/gpu_cpu_monitor.dir/src/gpu_cpu_monitor.cpp.o
[6.418s] [ 40%] Linking CXX static library libgpu_cpu_monitor.a
[6.453s] [ 40%] Built target gpu_cpu_monitor
[6.473s] [ 60%] Building CXX object CMakeFiles/system_health_node.dir/src/main.cpp.o
[6.474s] [ 80%] Building CXX object CMakeFiles/system_health_node.dir/src/system_health_node.cpp.o
[29.443s] [100%] Linking CXX executable system_health_node
[29.638s] [100%] Built target system_health_node
[29.651s] Invoked command in '/mnt/external/DIY/CameraModule/autonomous_rc/build/diagnostics' returned '0': AMENT_PREFIX_PATH=/mnt/external/DIY/CameraModule/autonomous_rc/install/safety_manager:${AMENT_PREFIX_PATH} CMAKE_PREFIX_PATH=/mnt/external/DIY/CameraModule/autonomous_rc/install/safety_manager:/home/u_ramesa2/micromamba/envs/ros_env_jazzy CONDA_PROMPT_MODIFIER=(ros_env_jazzy) LD_LIBRARY_PATH=/mnt/external/DIY/CameraModule/autonomous_rc/install/safety_manager/lib PYTHONPATH=/mnt/external/DIY/CameraModule/autonomous_rc/install/safety_manager/lib/python3.12/site-packages:${PYTHONPATH} /home/u_ramesa2/micromamba/envs/ros_env_jazzy/bin/cmake --build /mnt/external/DIY/CameraModule/autonomous_rc/build/diagnostics -- -j20 -l20
[29.652s] Invoking command in '/mnt/external/DIY/CameraModule/autonomous_rc/build/diagnostics': AMENT_PREFIX_PATH=/mnt/external/DIY/CameraModule/autonomous_rc/install/safety_manager:${AMENT_PREFIX_PATH} CMAKE_PREFIX_PATH=/mnt/external/DIY/CameraModule/autonomous_rc/install/safety_manager:/home/u_ramesa2/micromamba/envs/ros_env_jazzy CONDA_PROMPT_MODIFIER=(ros_env_jazzy) LD_LIBRARY_PATH=/mnt/external/DIY/CameraModule/autonomous_rc/install/safety_manager/lib PYTHONPATH=/mnt/external/DIY/CameraModule/autonomous_rc/install/safety_manager/lib/python3.12/site-packages:${PYTHONPATH} /home/u_ramesa2/micromamba/envs/ros_env_jazzy/bin/cmake --install /mnt/external/DIY/CameraModule/autonomous_rc/build/diagnostics
[29.658s] -- Install configuration: "Release"
[29.659s] -- Execute custom install script
[29.660s] -- Symlinking: /mnt/external/DIY/CameraModule/autonomous_rc/install/diagnostics/lib/diagnostics/system_health_node
[29.667s] -- Symlinking: /mnt/external/DIY/CameraModule/autonomous_rc/install/diagnostics/lib/libgpu_cpu_monitor.a
[29.675s] -- Symlinking: /mnt/external/DIY/CameraModule/autonomous_rc/install/diagnostics/lib/diagnostics/record_bag.py
[29.682s] -- Symlinking: /mnt/external/DIY/CameraModule/autonomous_rc/install/diagnostics/lib/diagnostics/clear_estop.py
[29.691s] -- Symlinking: /mnt/external/DIY/CameraModule/autonomous_rc/install/diagnostics/lib/diagnostics/gpu_profile.py
[29.721s] -- Symlinking: /mnt/external/DIY/CameraModule/autonomous_rc/install/diagnostics/share/diagnostics/launch/diagnostics.launch.py
[29.721s] -- Symlinking: /mnt/external/DIY/CameraModule/autonomous_rc/install/diagnostics/share/ament_index/resource_index/package_run_dependencies/diagnostics
[29.722s] -- Symlinking: /mnt/external/DIY/CameraModule/autonomous_rc/install/diagnostics/share/ament_index/resource_index/parent_prefix_path/diagnostics
[29.730s] -- Symlinking: /mnt/external/DIY/CameraModule/autonomous_rc/install/diagnostics/share/diagnostics/environment/ament_prefix_path.sh
[29.741s] -- Symlinking: /mnt/external/DIY/CameraModule/autonomous_rc/install/diagnostics/share/diagnostics/environment/ament_prefix_path.dsv
[29.757s] -- Symlinking: /mnt/external/DIY/CameraModule/autonomous_rc/install/diagnostics/share/diagnostics/environment/path.sh
[29.775s] -- Symlinking: /mnt/external/DIY/CameraModule/autonomous_rc/install/diagnostics/share/diagnostics/environment/path.dsv
[29.787s] -- Symlinking: /mnt/external/DIY/CameraModule/autonomous_rc/install/diagnostics/share/diagnostics/local_setup.bash
[29.798s] -- Symlinking: /mnt/external/DIY/CameraModule/autonomous_rc/install/diagnostics/share/diagnostics/local_setup.sh
[29.807s] -- Symlinking: /mnt/external/DIY/CameraModule/autonomous_rc/install/diagnostics/share/diagnostics/local_setup.zsh
[29.814s] -- Symlinking: /mnt/external/DIY/CameraModule/autonomous_rc/install/diagnostics/share/diagnostics/local_setup.dsv
[29.821s] -- Symlinking: /mnt/external/DIY/CameraModule/autonomous_rc/install/diagnostics/share/diagnostics/package.dsv
[29.828s] -- Symlinking: /mnt/external/DIY/CameraModule/autonomous_rc/install/diagnostics/share/ament_index/resource_index/packages/diagnostics
[29.837s] -- Symlinking: /mnt/external/DIY/CameraModule/autonomous_rc/install/diagnostics/share/diagnostics/cmake/diagnosticsConfig.cmake
[29.846s] -- Symlinking: /mnt/external/DIY/CameraModule/autonomous_rc/install/diagnostics/share/diagnostics/cmake/diagnosticsConfig-version.cmake
[29.854s] -- Symlinking: /mnt/external/DIY/CameraModule/autonomous_rc/install/diagnostics/share/diagnostics/package.xml
[29.863s] Invoked command in '/mnt/external/DIY/CameraModule/autonomous_rc/build/diagnostics' returned '0': AMENT_PREFIX_PATH=/mnt/external/DIY/CameraModule/autonomous_rc/install/safety_manager:${AMENT_PREFIX_PATH} CMAKE_PREFIX_PATH=/mnt/external/DIY/CameraModule/autonomous_rc/install/safety_manager:/home/u_ramesa2/micromamba/envs/ros_env_jazzy CONDA_PROMPT_MODIFIER=(ros_env_jazzy) LD_LIBRARY_PATH=/mnt/external/DIY/CameraModule/autonomous_rc/install/safety_manager/lib PYTHONPATH=/mnt/external/DIY/CameraModule/autonomous_rc/install/safety_manager/lib/python3.12/site-packages:${PYTHONPATH} /home/u_ramesa2/micromamba/envs/ros_env_jazzy/bin/cmake --install /mnt/external/DIY/CameraModule/autonomous_rc/build/diagnostics
