Starting >>> safety_manager
[  2%] Built target safety_manager__rs
[  4%] Built target safety_manager__rosidl_generator_type_description
[  4%] Built target ament_cmake_python_symlink_safety_manager
[  6%] Built target safety_manager__cpp
[ 22%] Built target safety_manager__rosidl_generator_c
[ 30%] Built target safety_manager__rosidl_typesupport_c
[ 38%] Built target safety_manager__rosidl_typesupport_introspection_c
[ 46%] Built target safety_manager__rosidl_typesupport_introspection_cpp
[ 55%] Built target safety_manager__rosidl_typesupport_cpp
[ 63%] Built target safety_manager__rosidl_typesupport_fastrtps_cpp
[ 71%] Built target safety_manager__rosidl_typesupport_fastrtps_c
[ 71%] Built target safety_manager
[ 73%] Built target safety_manager__py
[ 81%] Built target estop_bridge_node
[ 87%] Built target safety_manager__rosidl_generator_py
[ 91%] Built target safety_manager_s__rosidl_typesupport_introspection_c
[ 97%] Built target safety_manager_s__rosidl_typesupport_c
[100%] Built target safety_manager_s__rosidl_typesupport_fastrtps_c
running egg_info
writing safety_manager.egg-info/PKG-INFO
writing dependency_links to safety_manager.egg-info/dependency_links.txt
writing top-level names to safety_manager.egg-info/top_level.txt
reading manifest file 'safety_manager.egg-info/SOURCES.txt'
writing manifest file 'safety_manager.egg-info/SOURCES.txt'
[100%] Built target ament_cmake_python_build_safety_manager_egg
-- Install configuration: "Release"
-- Execute custom install script
-- Up-to-date symlink: /mnt/external/DIY/CameraModule/autonomous_rc/install/safety_manager/share/ament_index/resource_index/rosidl_interfaces/safety_manager
-- Up-to-date symlink: /mnt/external/DIY/CameraModule/autonomous_rc/install/safety_manager/share/safety_manager/msg/EStopStatus.json
-- Up-to-date symlink: /mnt/external/DIY/CameraModule/autonomous_rc/install/safety_manager/share/safety_manager/msg/VehicleState.json
-- Up-to-date symlink: /mnt/external/DIY/CameraModule/autonomous_rc/install/safety_manager/include/safety_manager/safety_manager/msg/detail/e_stop_status__functions.h
-- Up-to-date symlink: /mnt/external/DIY/CameraModule/autonomous_rc/install/safety_manager/include/safety_manager/safety_manager/msg/detail/e_stop_status__struct.h
-- Up-to-date symlink: /mnt/external/DIY/CameraModule/autonomous_rc/install/safety_manager/include/safety_manager/safety_manager/msg/detail/e_stop_status__type_support.h
-- Up-to-date symlink: /mnt/external/DIY/CameraModule/autonomous_rc/install/safety_manager/include/safety_manager/safety_manager/msg/detail/vehicle_state__functions.h
-- Up-to-date symlink: /mnt/external/DIY/CameraModule/autonomous_rc/install/safety_manager/include/safety_manager/safety_manager/msg/detail/vehicle_state__struct.h
-- Up-to-date symlink: /mnt/external/DIY/CameraModule/autonomous_rc/install/safety_manager/include/safety_manager/safety_manager/msg/detail/vehicle_state__type_support.h
-- Up-to-date symlink: /mnt/external/DIY/CameraModule/autonomous_rc/install/safety_manager/include/safety_manager/safety_manager/msg/e_stop_status.h
-- Up-to-date symlink: /mnt/external/DIY/CameraModule/autonomous_rc/install/safety_manager/include/safety_manager/safety_manager/msg/rosidl_generator_c__visibility_control.h
-- Up-to-date symlink: /mnt/external/DIY/CameraModule/autonomous_rc/install/safety_manager/include/safety_manager/safety_manager/msg/vehicle_state.h
-- Up-to-date symlink: /mnt/external/DIY/CameraModule/autonomous_rc/install/safety_manager/include/safety_manager/safety_manager/msg/detail/e_stop_status__rosidl_typesupport_fastrtps_c.h
-- Up-to-date symlink: /mnt/external/DIY/CameraModule/autonomous_rc/install/safety_manager/include/safety_manager/safety_manager/msg/detail/vehicle_state__rosidl_typesupport_fastrtps_c.h
-- Up-to-date symlink: /mnt/external/DIY/CameraModule/autonomous_rc/install/safety_manager/include/safety_manager/safety_manager/msg/rosidl_typesupport_fastrtps_c__visibility_control.h
-- Up-to-date symlink: /mnt/external/DIY/CameraModule/autonomous_rc/install/safety_manager/include/safety_manager/safety_manager/msg/detail/e_stop_status__builder.hpp
-- Up-to-date symlink: /mnt/external/DIY/CameraModule/autonomous_rc/install/safety_manager/include/safety_manager/safety_manager/msg/detail/e_stop_status__struct.hpp
-- Up-to-date symlink: /mnt/external/DIY/CameraModule/autonomous_rc/install/safety_manager/include/safety_manager/safety_manager/msg/detail/e_stop_status__traits.hpp
-- Up-to-date symlink: /mnt/external/DIY/CameraModule/autonomous_rc/install/safety_manager/include/safety_manager/safety_manager/msg/detail/e_stop_status__type_support.hpp
-- Up-to-date symlink: /mnt/external/DIY/CameraModule/autonomous_rc/install/safety_manager/include/safety_manager/safety_manager/msg/detail/vehicle_state__builder.hpp
-- Up-to-date symlink: /mnt/external/DIY/CameraModule/autonomous_rc/install/safety_manager/include/safety_manager/safety_manager/msg/detail/vehicle_state__struct.hpp
-- Up-to-date symlink: /mnt/external/DIY/CameraModule/autonomous_rc/install/safety_manager/include/safety_manager/safety_manager/msg/detail/vehicle_state__traits.hpp
-- Up-to-date symlink: /mnt/external/DIY/CameraModule/autonomous_rc/install/safety_manager/include/safety_manager/safety_manager/msg/detail/vehicle_state__type_support.hpp
-- Up-to-date symlink: /mnt/external/DIY/CameraModule/autonomous_rc/install/safety_manager/include/safety_manager/safety_manager/msg/e_stop_status.hpp
-- Up-to-date symlink: /mnt/external/DIY/CameraModule/autonomous_rc/install/safety_manager/include/safety_manager/safety_manager/msg/rosidl_generator_cpp__visibility_control.hpp
-- Up-to-date symlink: /mnt/external/DIY/CameraModule/autonomous_rc/install/safety_manager/include/safety_manager/safety_manager/msg/vehicle_state.hpp
-- Up-to-date symlink: /mnt/external/DIY/CameraModule/autonomous_rc/install/safety_manager/include/safety_manager/safety_manager/msg/detail/e_stop_status__rosidl_typesupport_fastrtps_cpp.hpp
-- Up-to-date symlink: /mnt/external/DIY/CameraModule/autonomous_rc/install/safety_manager/include/safety_manager/safety_manager/msg/detail/vehicle_state__rosidl_typesupport_fastrtps_cpp.hpp
-- Up-to-date symlink: /mnt/external/DIY/CameraModule/autonomous_rc/install/safety_manager/include/safety_manager/safety_manager/msg/rosidl_typesupport_fastrtps_cpp__visibility_control.h
-- Up-to-date symlink: /mnt/external/DIY/CameraModule/autonomous_rc/install/safety_manager/include/safety_manager/safety_manager/msg/detail/e_stop_status__rosidl_typesupport_introspection_c.h
-- Up-to-date symlink: /mnt/external/DIY/CameraModule/autonomous_rc/install/safety_manager/include/safety_manager/safety_manager/msg/detail/vehicle_state__rosidl_typesupport_introspection_c.h
-- Up-to-date symlink: /mnt/external/DIY/CameraModule/autonomous_rc/install/safety_manager/include/safety_manager/safety_manager/msg/rosidl_typesupport_introspection_c__visibility_control.h
-- Up-to-date symlink: /mnt/external/DIY/CameraModule/autonomous_rc/install/safety_manager/include/safety_manager/safety_manager/msg/detail/e_stop_status__rosidl_typesupport_introspection_cpp.hpp
-- Up-to-date symlink: /mnt/external/DIY/CameraModule/autonomous_rc/install/safety_manager/include/safety_manager/safety_manager/msg/detail/vehicle_state__rosidl_typesupport_introspection_cpp.hpp
-- Up-to-date symlink: /mnt/external/DIY/CameraModule/autonomous_rc/install/safety_manager/share/safety_manager/environment/pythonpath.sh
-- Up-to-date symlink: /mnt/external/DIY/CameraModule/autonomous_rc/install/safety_manager/share/safety_manager/environment/pythonpath.dsv
-- Up-to-date symlink: /mnt/external/DIY/CameraModule/autonomous_rc/install/safety_manager/lib/python3.12/site-packages/safety_manager-1.0.0-py3.12.egg-info/PKG-INFO
-- Up-to-date symlink: /mnt/external/DIY/CameraModule/autonomous_rc/install/safety_manager/lib/python3.12/site-packages/safety_manager-1.0.0-py3.12.egg-info/SOURCES.txt
-- Up-to-date symlink: /mnt/external/DIY/CameraModule/autonomous_rc/install/safety_manager/lib/python3.12/site-packages/safety_manager-1.0.0-py3.12.egg-info/dependency_links.txt
-- Up-to-date symlink: /mnt/external/DIY/CameraModule/autonomous_rc/install/safety_manager/lib/python3.12/site-packages/safety_manager-1.0.0-py3.12.egg-info/top_level.txt
-- Up-to-date symlink: /mnt/external/DIY/CameraModule/autonomous_rc/install/safety_manager/lib/python3.12/site-packages/safety_manager/__init__.py
-- Up-to-date symlink: /mnt/external/DIY/CameraModule/autonomous_rc/install/safety_manager/lib/python3.12/site-packages/safety_manager/_safety_manager_s.ep.rosidl_typesupport_c.c
-- Up-to-date symlink: /mnt/external/DIY/CameraModule/autonomous_rc/install/safety_manager/lib/python3.12/site-packages/safety_manager/_safety_manager_s.ep.rosidl_typesupport_fastrtps_c.c
-- Up-to-date symlink: /mnt/external/DIY/CameraModule/autonomous_rc/install/safety_manager/lib/python3.12/site-packages/safety_manager/_safety_manager_s.ep.rosidl_typesupport_introspection_c.c
-- Up-to-date symlink: /mnt/external/DIY/CameraModule/autonomous_rc/install/safety_manager/lib/python3.12/site-packages/safety_manager/msg/__init__.py
-- Up-to-date symlink: /mnt/external/DIY/CameraModule/autonomous_rc/install/safety_manager/lib/python3.12/site-packages/safety_manager/msg/_e_stop_status.py
-- Up-to-date symlink: /mnt/external/DIY/CameraModule/autonomous_rc/install/safety_manager/lib/python3.12/site-packages/safety_manager/msg/_e_stop_status_s.c
-- Up-to-date symlink: /mnt/external/DIY/CameraModule/autonomous_rc/install/safety_manager/lib/python3.12/site-packages/safety_manager/msg/_vehicle_state.py
-- Up-to-date symlink: /mnt/external/DIY/CameraModule/autonomous_rc/install/safety_manager/lib/python3.12/site-packages/safety_manager/msg/_vehicle_state_s.c
-- Up-to-date symlink: /mnt/external/DIY/CameraModule/autonomous_rc/install/safety_manager/lib/python3.12/site-packages/safety_manager/safety_manager_s__rosidl_typesupport_c.so
-- Up-to-date symlink: /mnt/external/DIY/CameraModule/autonomous_rc/install/safety_manager/lib/python3.12/site-packages/safety_manager/safety_manager_s__rosidl_typesupport_fastrtps_c.so
-- Up-to-date symlink: /mnt/external/DIY/CameraModule/autonomous_rc/install/safety_manager/lib/python3.12/site-packages/safety_manager/safety_manager_s__rosidl_typesupport_introspection_c.so
-- Up-to-date symlink: /mnt/external/DIY/CameraModule/autonomous_rc/install/safety_manager/lib/python3.12/site-packages/safety_manager/safety_manager_s__rosidl_typesupport_fastrtps_c.so
-- Up-to-date symlink: /mnt/external/DIY/CameraModule/autonomous_rc/install/safety_manager/lib/python3.12/site-packages/safety_manager/safety_manager_s__rosidl_typesupport_introspection_c.so
-- Up-to-date symlink: /mnt/external/DIY/CameraModule/autonomous_rc/install/safety_manager/lib/python3.12/site-packages/safety_manager/safety_manager_s__rosidl_typesupport_c.so
-- Up-to-date symlink: /mnt/external/DIY/CameraModule/autonomous_rc/install/safety_manager/share/safety_manager/rust/Cargo.toml
-- Up-to-date symlink: /mnt/external/DIY/CameraModule/autonomous_rc/install/safety_manager/share/safety_manager/rust/build.rs
-- Up-to-date symlink: /mnt/external/DIY/CameraModule/autonomous_rc/install/safety_manager/share/safety_manager/rust/src/lib.rs
-- Up-to-date symlink: /mnt/external/DIY/CameraModule/autonomous_rc/install/safety_manager/share/safety_manager/rust/src/msg.rs
-- Up-to-date symlink: /mnt/external/DIY/CameraModule/autonomous_rc/install/safety_manager/share/safety_manager/rust/src/msg/rmw.rs
-- Up-to-date symlink: /mnt/external/DIY/CameraModule/autonomous_rc/install/safety_manager/share/safety_manager/msg/EStopStatus.idl
-- Up-to-date symlink: /mnt/external/DIY/CameraModule/autonomous_rc/install/safety_manager/share/safety_manager/msg/VehicleState.idl
-- Up-to-date symlink: /mnt/external/DIY/CameraModule/autonomous_rc/install/safety_manager/share/safety_manager/msg/EStopStatus.msg
-- Up-to-date symlink: /mnt/external/DIY/CameraModule/autonomous_rc/install/safety_manager/share/safety_manager/msg/VehicleState.msg
-- Up-to-date symlink: /mnt/external/DIY/CameraModule/autonomous_rc/install/safety_manager/lib/safety_manager/estop_bridge_node
-- Up-to-date symlink: /mnt/external/DIY/CameraModule/autonomous_rc/install/safety_manager/share/safety_manager/launch/safety_manager.launch.py
-- Up-to-date symlink: /mnt/external/DIY/CameraModule/autonomous_rc/install/safety_manager/share/safety_manager/firmware/esp32_estop/esp32_estop.cpp
-- Up-to-date symlink: /mnt/external/DIY/CameraModule/autonomous_rc/install/safety_manager/share/safety_manager/firmware/esp32_estop/include/uart_protocol.hpp
-- Up-to-date symlink: /mnt/external/DIY/CameraModule/autonomous_rc/install/safety_manager/share/safety_manager/firmware/esp32_estop/platformio.ini
-- Up-to-date symlink: /mnt/external/DIY/CameraModule/autonomous_rc/install/safety_manager/share/ament_index/resource_index/package_run_dependencies/safety_manager
-- Up-to-date symlink: /mnt/external/DIY/CameraModule/autonomous_rc/install/safety_manager/share/ament_index/resource_index/parent_prefix_path/safety_manager
-- Up-to-date symlink: /mnt/external/DIY/CameraModule/autonomous_rc/install/safety_manager/share/safety_manager/environment/ament_prefix_path.sh
-- Up-to-date symlink: /mnt/external/DIY/CameraModule/autonomous_rc/install/safety_manager/share/safety_manager/environment/ament_prefix_path.dsv
-- Up-to-date symlink: /mnt/external/DIY/CameraModule/autonomous_rc/install/safety_manager/share/safety_manager/environment/path.sh
-- Up-to-date symlink: /mnt/external/DIY/CameraModule/autonomous_rc/install/safety_manager/share/safety_manager/environment/path.dsv
-- Up-to-date symlink: /mnt/external/DIY/CameraModule/autonomous_rc/install/safety_manager/share/safety_manager/local_setup.bash
-- Up-to-date symlink: /mnt/external/DIY/CameraModule/autonomous_rc/install/safety_manager/share/safety_manager/local_setup.sh
-- Up-to-date symlink: /mnt/external/DIY/CameraModule/autonomous_rc/install/safety_manager/share/safety_manager/local_setup.zsh
-- Up-to-date symlink: /mnt/external/DIY/CameraModule/autonomous_rc/install/safety_manager/share/safety_manager/local_setup.dsv
-- Symlinking: /mnt/external/DIY/CameraModule/autonomous_rc/install/safety_manager/share/safety_manager/package.dsv
-- Up-to-date symlink: /mnt/external/DIY/CameraModule/autonomous_rc/install/safety_manager/share/ament_index/resource_index/packages/safety_manager
-- Up-to-date symlink: /mnt/external/DIY/CameraModule/autonomous_rc/install/safety_manager/share/safety_manager/cmake/rosidl_cmake-extras.cmake
-- Up-to-date symlink: /mnt/external/DIY/CameraModule/autonomous_rc/install/safety_manager/share/safety_manager/cmake/ament_cmake_export_dependencies-extras.cmake
-- Up-to-date symlink: /mnt/external/DIY/CameraModule/autonomous_rc/install/safety_manager/share/safety_manager/cmake/ament_cmake_export_include_directories-extras.cmake
-- Up-to-date symlink: /mnt/external/DIY/CameraModule/autonomous_rc/install/safety_manager/share/safety_manager/cmake/ament_cmake_export_libraries-extras.cmake
-- Up-to-date symlink: /mnt/external/DIY/CameraModule/autonomous_rc/install/safety_manager/share/safety_manager/cmake/ament_cmake_export_targets-extras.cmake
-- Up-to-date symlink: /mnt/external/DIY/CameraModule/autonomous_rc/install/safety_manager/share/safety_manager/cmake/rosidl_cmake_export_typesupport_targets-extras.cmake
-- Up-to-date symlink: /mnt/external/DIY/CameraModule/autonomous_rc/install/safety_manager/share/safety_manager/cmake/rosidl_cmake_export_typesupport_libraries-extras.cmake
-- Up-to-date symlink: /mnt/external/DIY/CameraModule/autonomous_rc/install/safety_manager/share/safety_manager/cmake/rosidl_cmake_aggregate_target-extras.cmake
-- Up-to-date symlink: /mnt/external/DIY/CameraModule/autonomous_rc/install/safety_manager/share/safety_manager/cmake/safety_managerConfig.cmake
-- Up-to-date symlink: /mnt/external/DIY/CameraModule/autonomous_rc/install/safety_manager/share/safety_manager/cmake/safety_managerConfig-version.cmake
-- Up-to-date symlink: /mnt/external/DIY/CameraModule/autonomous_rc/install/safety_manager/share/safety_manager/package.xml
-- Installing: /mnt/external/DIY/CameraModule/autonomous_rc/install/safety_manager/lib/libsafety_manager__rosidl_generator_c.so
-- Installing: /mnt/external/DIY/CameraModule/autonomous_rc/install/safety_manager/lib/libsafety_manager__rosidl_typesupport_fastrtps_c.so
-- Set non-toolchain portion of runtime path of "/mnt/external/DIY/CameraModule/autonomous_rc/install/safety_manager/lib/libsafety_manager__rosidl_typesupport_fastrtps_c.so" to ""
-- Installing: /mnt/external/DIY/CameraModule/autonomous_rc/install/safety_manager/lib/libsafety_manager__rosidl_typesupport_fastrtps_cpp.so
-- Set non-toolchain portion of runtime path of "/mnt/external/DIY/CameraModule/autonomous_rc/install/safety_manager/lib/libsafety_manager__rosidl_typesupport_fastrtps_cpp.so" to ""
-- Installing: /mnt/external/DIY/CameraModule/autonomous_rc/install/safety_manager/lib/libsafety_manager__rosidl_typesupport_introspection_c.so
-- Set non-toolchain portion of runtime path of "/mnt/external/DIY/CameraModule/autonomous_rc/install/safety_manager/lib/libsafety_manager__rosidl_typesupport_introspection_c.so" to ""
-- Installing: /mnt/external/DIY/CameraModule/autonomous_rc/install/safety_manager/lib/libsafety_manager__rosidl_typesupport_c.so
-- Set non-toolchain portion of runtime path of "/mnt/external/DIY/CameraModule/autonomous_rc/install/safety_manager/lib/libsafety_manager__rosidl_typesupport_c.so" to ""
-- Installing: /mnt/external/DIY/CameraModule/autonomous_rc/install/safety_manager/lib/libsafety_manager__rosidl_typesupport_introspection_cpp.so
-- Set non-toolchain portion of runtime path of "/mnt/external/DIY/CameraModule/autonomous_rc/install/safety_manager/lib/libsafety_manager__rosidl_typesupport_introspection_cpp.so" to ""
-- Installing: /mnt/external/DIY/CameraModule/autonomous_rc/install/safety_manager/lib/libsafety_manager__rosidl_typesupport_cpp.so
-- Set non-toolchain portion of runtime path of "/mnt/external/DIY/CameraModule/autonomous_rc/install/safety_manager/lib/libsafety_manager__rosidl_typesupport_cpp.so" to ""
Listing '/mnt/external/DIY/CameraModule/autonomous_rc/install/safety_manager/lib/python3.12/site-packages/safety_manager'...
Listing '/mnt/external/DIY/CameraModule/autonomous_rc/install/safety_manager/lib/python3.12/site-packages/safety_manager/msg'...
-- Installing: /mnt/external/DIY/CameraModule/autonomous_rc/install/safety_manager/lib/libsafety_manager__rosidl_generator_py.so
-- Set non-toolchain portion of runtime path of "/mnt/external/DIY/CameraModule/autonomous_rc/install/safety_manager/lib/libsafety_manager__rosidl_generator_py.so" to ""
-- Up-to-date: /mnt/external/DIY/CameraModule/autonomous_rc/install/safety_manager/share/safety_manager/cmake/export_safety_manager__rosidl_generator_cExport.cmake
-- Up-to-date: /mnt/external/DIY/CameraModule/autonomous_rc/install/safety_manager/share/safety_manager/cmake/export_safety_manager__rosidl_generator_cExport-release.cmake
-- Up-to-date: /mnt/external/DIY/CameraModule/autonomous_rc/install/safety_manager/share/safety_manager/cmake/export_safety_manager__rosidl_typesupport_fastrtps_cExport.cmake
-- Up-to-date: /mnt/external/DIY/CameraModule/autonomous_rc/install/safety_manager/share/safety_manager/cmake/export_safety_manager__rosidl_typesupport_fastrtps_cExport-release.cmake
-- Up-to-date: /mnt/external/DIY/CameraModule/autonomous_rc/install/safety_manager/share/safety_manager/cmake/export_safety_manager__rosidl_generator_cppExport.cmake
-- Up-to-date: /mnt/external/DIY/CameraModule/autonomous_rc/install/safety_manager/share/safety_manager/cmake/export_safety_manager__rosidl_typesupport_fastrtps_cppExport.cmake
-- Up-to-date: /mnt/external/DIY/CameraModule/autonomous_rc/install/safety_manager/share/safety_manager/cmake/export_safety_manager__rosidl_typesupport_fastrtps_cppExport-release.cmake
-- Up-to-date: /mnt/external/DIY/CameraModule/autonomous_rc/install/safety_manager/share/safety_manager/cmake/safety_manager__rosidl_typesupport_introspection_cExport.cmake
-- Up-to-date: /mnt/external/DIY/CameraModule/autonomous_rc/install/safety_manager/share/safety_manager/cmake/safety_manager__rosidl_typesupport_introspection_cExport-release.cmake
-- Up-to-date: /mnt/external/DIY/CameraModule/autonomous_rc/install/safety_manager/share/safety_manager/cmake/safety_manager__rosidl_typesupport_cExport.cmake
-- Up-to-date: /mnt/external/DIY/CameraModule/autonomous_rc/install/safety_manager/share/safety_manager/cmake/safety_manager__rosidl_typesupport_cExport-release.cmake
-- Up-to-date: /mnt/external/DIY/CameraModule/autonomous_rc/install/safety_manager/share/safety_manager/cmake/safety_manager__rosidl_typesupport_introspection_cppExport.cmake
-- Up-to-date: /mnt/external/DIY/CameraModule/autonomous_rc/install/safety_manager/share/safety_manager/cmake/safety_manager__rosidl_typesupport_introspection_cppExport-release.cmake
-- Up-to-date: /mnt/external/DIY/CameraModule/autonomous_rc/install/safety_manager/share/safety_manager/cmake/safety_manager__rosidl_typesupport_cppExport.cmake
-- Up-to-date: /mnt/external/DIY/CameraModule/autonomous_rc/install/safety_manager/share/safety_manager/cmake/safety_manager__rosidl_typesupport_cppExport-release.cmake
-- Up-to-date: /mnt/external/DIY/CameraModule/autonomous_rc/install/safety_manager/share/safety_manager/cmake/export_safety_manager__rosidl_generator_pyExport.cmake
-- Up-to-date: /mnt/external/DIY/CameraModule/autonomous_rc/install/safety_manager/share/safety_manager/cmake/export_safety_manager__rosidl_generator_pyExport-release.cmake
Finished <<< safety_manager [0.60s]