[0.009s] Invoking command in '/mnt/external/DIY/CameraModule/autonomous_rc/build/recovery_manager': AMENT_PREFIX_PATH=/mnt/external/DIY/CameraModule/autonomous_rc/install/safety_manager:${AMENT_PREFIX_PATH} CMAKE_PREFIX_PATH=/mnt/external/DIY/CameraModule/autonomous_rc/install/safety_manager:/home/u_ramesa2/micromamba/envs/ros_env_jazzy CONDA_PROMPT_MODIFIER=(ros_env_jazzy) LD_LIBRARY_PATH=/mnt/external/DIY/CameraModule/autonomous_rc/install/safety_manager/lib PYTHONPATH=/mnt/external/DIY/CameraModule/autonomous_rc/install/safety_manager/lib/python3.12/site-packages:${PYTHONPATH} /home/u_ramesa2/micromamba/envs/ros_env_jazzy/bin/cmake /mnt/external/DIY/CameraModule/autonomous_rc/src/recovery_manager -DCMAKE_BUILD_TYPE=Release -DAMENT_CMAKE_SYMLINK_INSTALL=1 -DCMAKE_INSTALL_PREFIX=/mnt/external/DIY/CameraModule/autonomous_rc/install/recovery_manager
[0.072s] -- The C compiler identification is GNU 15.3.0
[0.181s] -- The CXX compiler identification is GNU 15.3.0
[0.192s] -- Detecting C compiler ABI info
[0.280s] -- Detecting C compiler ABI info - done
[0.303s] -- Check for working C compiler: /home/u_ramesa2/micromamba/envs/ros_env_jazzy/bin/cc - skipped
[0.304s] -- Detecting C compile features
[0.304s] -- Detecting C compile features - done
[0.320s] -- Detecting CXX compiler ABI info
[0.462s] -- Detecting CXX compiler ABI info - done
[0.484s] -- Check for working CXX compiler: /home/u_ramesa2/micromamba/envs/ros_env_jazzy/bin/c++ - skipped
[0.484s] -- Detecting CXX compile features
[0.485s] -- Detecting CXX compile features - done
[0.498s] -- Found ament_cmake: 2.5.6 (/home/u_ramesa2/micromamba/envs/ros_env_jazzy/share/ament_cmake/cmake)
[0.689s] -- Found Python3: /home/u_ramesa2/micromamba/envs/ros_env_jazzy/bin/python3 (found version "3.12.14") found components: Interpreter
[0.783s] -- Override CMake install command with custom implementation using symlinks instead of copying resources
[0.838s] -- Found rclcpp: 28.1.21 (/home/u_ramesa2/micromamba/envs/ros_env_jazzy/share/rclcpp/cmake)
[0.896s] -- Found rosidl_generator_c: 4.6.9 (/home/u_ramesa2/micromamba/envs/ros_env_jazzy/share/rosidl_generator_c/cmake)
[0.918s] -- Found rosidl_generator_cpp: 4.6.9 (/home/u_ramesa2/micromamba/envs/ros_env_jazzy/share/rosidl_generator_cpp/cmake)
[0.944s] -- Using all available rosidl_typesupport_c: rosidl_typesupport_fastrtps_c;rosidl_typesupport_introspection_c
[0.970s] -- Using all available rosidl_typesupport_cpp: rosidl_typesupport_fastrtps_cpp;rosidl_typesupport_introspection_cpp
[1.078s] -- Found rmw_implementation_cmake: 7.3.3 (/home/u_ramesa2/micromamba/envs/ros_env_jazzy/share/rmw_implementation_cmake/cmake)
[1.083s] -- Found rmw_fastrtps_cpp: 8.4.4 (/home/u_ramesa2/micromamba/envs/ros_env_jazzy/share/rmw_fastrtps_cpp/cmake)
[1.481s] -- Found OpenSSL: /home/u_ramesa2/micromamba/envs/ros_env_jazzy/lib/libcrypto.so (found version "3.6.4")
[1.520s] -- Found FastRTPS: /home/u_ramesa2/micromamba/envs/ros_env_jazzy/include (Required is at least version "2.13")
[1.578s] -- Using RMW implementation 'rmw_fastrtps_cpp' as default
[1.689s] -- Found nav_msgs: 5.3.8 (/home/u_ramesa2/micromamba/envs/ros_env_jazzy/share/nav_msgs/cmake)
[1.773s] -- Found ackermann_msgs: 2.0.2 (/home/u_ramesa2/micromamba/envs/ros_env_jazzy/share/ackermann_msgs/cmake)
[1.792s] -- Found safety_manager: 1.0.0 (/mnt/external/DIY/CameraModule/autonomous_rc/install/safety_manager/share/safety_manager/cmake)
[1.818s] -- Found ament_lint_auto: 0.17.5 (/home/u_ramesa2/micromamba/envs/ros_env_jazzy/share/ament_lint_auto/cmake)
[1.964s] -- Added test 'copyright' to check source files copyright and LICENSE
[1.965s] -- Added test 'cppcheck' to perform static code analysis on C / C++ code
[1.965s] -- Configured cppcheck include dirs: /mnt/external/DIY/CameraModule/autonomous_rc/src/recovery_manager/include
[1.965s] -- Configured cppcheck exclude dirs and/or files: 
[1.967s] -- Added test 'cpplint' to check C / C++ code against the Google style
[1.967s] -- Configured cpplint exclude dirs and/or files: 
[1.968s] -- Added test 'flake8' to check Python code syntax and style conventions
[1.968s] -- Configured 'flake8' exclude dirs and/or files: 
[1.969s] -- Added test 'lint_cmake' to check CMake code style
[1.969s] -- Added test 'pep257' to check Python code against some of the docstring style conventions in PEP 257
[1.971s] -- Added test 'uncrustify' to check C / C++ code style
[1.971s] -- Configured uncrustify additional arguments: 
[1.971s] -- Added test 'xmllint' to check XML markup files
[1.973s] -- Configuring done (2.0s)
[2.001s] -- Generating done (0.0s)
[2.059s] -- Build files have been written to: /mnt/external/DIY/CameraModule/autonomous_rc/build/recovery_manager
[2.069s] Invoked command in '/mnt/external/DIY/CameraModule/autonomous_rc/build/recovery_manager' returned '0': AMENT_PREFIX_PATH=/mnt/external/DIY/CameraModule/autonomous_rc/install/safety_manager:${AMENT_PREFIX_PATH} CMAKE_PREFIX_PATH=/mnt/external/DIY/CameraModule/autonomous_rc/install/safety_manager:/home/u_ramesa2/micromamba/envs/ros_env_jazzy CONDA_PROMPT_MODIFIER=(ros_env_jazzy) LD_LIBRARY_PATH=/mnt/external/DIY/CameraModule/autonomous_rc/install/safety_manager/lib PYTHONPATH=/mnt/external/DIY/CameraModule/autonomous_rc/install/safety_manager/lib/python3.12/site-packages:${PYTHONPATH} /home/u_ramesa2/micromamba/envs/ros_env_jazzy/bin/cmake /mnt/external/DIY/CameraModule/autonomous_rc/src/recovery_manager -DCMAKE_BUILD_TYPE=Release -DAMENT_CMAKE_SYMLINK_INSTALL=1 -DCMAKE_INSTALL_PREFIX=/mnt/external/DIY/CameraModule/autonomous_rc/install/recovery_manager
[2.069s] Invoking command in '/mnt/external/DIY/CameraModule/autonomous_rc/build/recovery_manager': AMENT_PREFIX_PATH=/mnt/external/DIY/CameraModule/autonomous_rc/install/safety_manager:${AMENT_PREFIX_PATH} CMAKE_PREFIX_PATH=/mnt/external/DIY/CameraModule/autonomous_rc/install/safety_manager:/home/u_ramesa2/micromamba/envs/ros_env_jazzy CONDA_PROMPT_MODIFIER=(ros_env_jazzy) LD_LIBRARY_PATH=/mnt/external/DIY/CameraModule/autonomous_rc/install/safety_manager/lib PYTHONPATH=/mnt/external/DIY/CameraModule/autonomous_rc/install/safety_manager/lib/python3.12/site-packages:${PYTHONPATH} /home/u_ramesa2/micromamba/envs/ros_env_jazzy/bin/cmake --build /mnt/external/DIY/CameraModule/autonomous_rc/build/recovery_manager -- -j20 -l20
[2.120s] [ 20%] Building CXX object CMakeFiles/dwa_planner.dir/src/dwa_planner.cpp.o
[2.519s] [ 40%] Linking CXX static library libdwa_planner.a
[2.552s] [ 40%] Built target dwa_planner
[2.573s] [ 60%] Building CXX object CMakeFiles/recovery_manager_node.dir/src/main.cpp.o
[2.574s] [ 80%] Building CXX object CMakeFiles/recovery_manager_node.dir/src/recovery_manager_node.cpp.o
[27.136s] [100%] Linking CXX executable recovery_manager_node
[27.336s] [100%] Built target recovery_manager_node
[27.347s] Invoked command in '/mnt/external/DIY/CameraModule/autonomous_rc/build/recovery_manager' returned '0': AMENT_PREFIX_PATH=/mnt/external/DIY/CameraModule/autonomous_rc/install/safety_manager:${AMENT_PREFIX_PATH} CMAKE_PREFIX_PATH=/mnt/external/DIY/CameraModule/autonomous_rc/install/safety_manager:/home/u_ramesa2/micromamba/envs/ros_env_jazzy CONDA_PROMPT_MODIFIER=(ros_env_jazzy) LD_LIBRARY_PATH=/mnt/external/DIY/CameraModule/autonomous_rc/install/safety_manager/lib PYTHONPATH=/mnt/external/DIY/CameraModule/autonomous_rc/install/safety_manager/lib/python3.12/site-packages:${PYTHONPATH} /home/u_ramesa2/micromamba/envs/ros_env_jazzy/bin/cmake --build /mnt/external/DIY/CameraModule/autonomous_rc/build/recovery_manager -- -j20 -l20
[27.348s] Invoking command in '/mnt/external/DIY/CameraModule/autonomous_rc/build/recovery_manager': AMENT_PREFIX_PATH=/mnt/external/DIY/CameraModule/autonomous_rc/install/safety_manager:${AMENT_PREFIX_PATH} CMAKE_PREFIX_PATH=/mnt/external/DIY/CameraModule/autonomous_rc/install/safety_manager:/home/u_ramesa2/micromamba/envs/ros_env_jazzy CONDA_PROMPT_MODIFIER=(ros_env_jazzy) LD_LIBRARY_PATH=/mnt/external/DIY/CameraModule/autonomous_rc/install/safety_manager/lib PYTHONPATH=/mnt/external/DIY/CameraModule/autonomous_rc/install/safety_manager/lib/python3.12/site-packages:${PYTHONPATH} /home/u_ramesa2/micromamba/envs/ros_env_jazzy/bin/cmake --install /mnt/external/DIY/CameraModule/autonomous_rc/build/recovery_manager
[27.356s] -- Install configuration: "Release"
[27.356s] -- Execute custom install script
[27.357s] -- Symlinking: /mnt/external/DIY/CameraModule/autonomous_rc/install/recovery_manager/lib/recovery_manager/recovery_manager_node
[27.365s] -- Symlinking: /mnt/external/DIY/CameraModule/autonomous_rc/install/recovery_manager/lib/libdwa_planner.a
[27.374s] -- Symlinking: /mnt/external/DIY/CameraModule/autonomous_rc/install/recovery_manager/share/recovery_manager/launch/recovery_manager.launch.py
[27.383s] -- Symlinking: /mnt/external/DIY/CameraModule/autonomous_rc/install/recovery_manager/share/ament_index/resource_index/package_run_dependencies/recovery_manager
[27.391s] -- Symlinking: /mnt/external/DIY/CameraModule/autonomous_rc/install/recovery_manager/share/ament_index/resource_index/parent_prefix_path/recovery_manager
[27.399s] -- Symlinking: /mnt/external/DIY/CameraModule/autonomous_rc/install/recovery_manager/share/recovery_manager/environment/ament_prefix_path.sh
[27.407s] -- Symlinking: /mnt/external/DIY/CameraModule/autonomous_rc/install/recovery_manager/share/recovery_manager/environment/ament_prefix_path.dsv
[27.416s] -- Symlinking: /mnt/external/DIY/CameraModule/autonomous_rc/install/recovery_manager/share/recovery_manager/environment/path.sh
[27.423s] -- Symlinking: /mnt/external/DIY/CameraModule/autonomous_rc/install/recovery_manager/share/recovery_manager/environment/path.dsv
[27.433s] -- Symlinking: /mnt/external/DIY/CameraModule/autonomous_rc/install/recovery_manager/share/recovery_manager/local_setup.bash
[27.442s] -- Symlinking: /mnt/external/DIY/CameraModule/autonomous_rc/install/recovery_manager/share/recovery_manager/local_setup.sh
[27.451s] -- Symlinking: /mnt/external/DIY/CameraModule/autonomous_rc/install/recovery_manager/share/recovery_manager/local_setup.zsh
[27.459s] -- Symlinking: /mnt/external/DIY/CameraModule/autonomous_rc/install/recovery_manager/share/recovery_manager/local_setup.dsv
[27.468s] -- Symlinking: /mnt/external/DIY/CameraModule/autonomous_rc/install/recovery_manager/share/recovery_manager/package.dsv
[27.475s] -- Symlinking: /mnt/external/DIY/CameraModule/autonomous_rc/install/recovery_manager/share/ament_index/resource_index/packages/recovery_manager
[27.484s] -- Symlinking: /mnt/external/DIY/CameraModule/autonomous_rc/install/recovery_manager/share/recovery_manager/cmake/recovery_managerConfig.cmake
[27.492s] -- Symlinking: /mnt/external/DIY/CameraModule/autonomous_rc/install/recovery_manager/share/recovery_manager/cmake/recovery_managerConfig-version.cmake
[27.502s] -- Symlinking: /mnt/external/DIY/CameraModule/autonomous_rc/install/recovery_manager/share/recovery_manager/package.xml
[27.514s] Invoked command in '/mnt/external/DIY/CameraModule/autonomous_rc/build/recovery_manager' returned '0': AMENT_PREFIX_PATH=/mnt/external/DIY/CameraModule/autonomous_rc/install/safety_manager:${AMENT_PREFIX_PATH} CMAKE_PREFIX_PATH=/mnt/external/DIY/CameraModule/autonomous_rc/install/safety_manager:/home/u_ramesa2/micromamba/envs/ros_env_jazzy CONDA_PROMPT_MODIFIER=(ros_env_jazzy) LD_LIBRARY_PATH=/mnt/external/DIY/CameraModule/autonomous_rc/install/safety_manager/lib PYTHONPATH=/mnt/external/DIY/CameraModule/autonomous_rc/install/safety_manager/lib/python3.12/site-packages:${PYTHONPATH} /home/u_ramesa2/micromamba/envs/ros_env_jazzy/bin/cmake --install /mnt/external/DIY/CameraModule/autonomous_rc/build/recovery_manager
