-- The C compiler identification is GNU 15.3.0
-- The CXX compiler identification is GNU 15.3.0
-- Detecting C compiler ABI info
-- Detecting C compiler ABI info - done
-- Check for working C compiler: /home/u_ramesa2/micromamba/envs/ros_env_jazzy/bin/cc - skipped
-- Detecting C compile features
-- Detecting C compile features - done
-- Detecting CXX compiler ABI info
-- Detecting CXX compiler ABI info - done
-- Check for working CXX compiler: /home/u_ramesa2/micromamba/envs/ros_env_jazzy/bin/c++ - skipped
-- Detecting CXX compile features
-- Detecting CXX compile features - done
-- Found ament_cmake: 2.5.6 (/home/u_ramesa2/micromamba/envs/ros_env_jazzy/share/ament_cmake/cmake)
-- Found Python3: /home/u_ramesa2/micromamba/envs/ros_env_jazzy/bin/python3 (found version "3.12.14") found components: Interpreter
-- Override CMake install command with custom implementation using symlinks instead of copying resources
-- Found rclcpp: 28.1.21 (/home/u_ramesa2/micromamba/envs/ros_env_jazzy/share/rclcpp/cmake)
-- Found rosidl_generator_c: 4.6.9 (/home/u_ramesa2/micromamba/envs/ros_env_jazzy/share/rosidl_generator_c/cmake)
-- Found rosidl_generator_cpp: 4.6.9 (/home/u_ramesa2/micromamba/envs/ros_env_jazzy/share/rosidl_generator_cpp/cmake)
-- Using all available rosidl_typesupport_c: rosidl_typesupport_fastrtps_c;rosidl_typesupport_introspection_c
-- Using all available rosidl_typesupport_cpp: rosidl_typesupport_fastrtps_cpp;rosidl_typesupport_introspection_cpp
-- Found rmw_implementation_cmake: 7.3.3 (/home/u_ramesa2/micromamba/envs/ros_env_jazzy/share/rmw_implementation_cmake/cmake)
-- Found rmw_fastrtps_cpp: 8.4.4 (/home/u_ramesa2/micromamba/envs/ros_env_jazzy/share/rmw_fastrtps_cpp/cmake)
-- Found OpenSSL: /home/u_ramesa2/micromamba/envs/ros_env_jazzy/lib/libcrypto.so (found version "3.6.4")
-- Found FastRTPS: /home/u_ramesa2/micromamba/envs/ros_env_jazzy/include (Required is at least version "2.13")
-- Using RMW implementation 'rmw_fastrtps_cpp' as default
-- Found sensor_msgs: 5.3.8 (/home/u_ramesa2/micromamba/envs/ros_env_jazzy/share/sensor_msgs/cmake)
-- Found nav_msgs: 5.3.8 (/home/u_ramesa2/micromamba/envs/ros_env_jazzy/share/nav_msgs/cmake)
-- Found cv_bridge: 4.1.0 (/home/u_ramesa2/micromamba/envs/ros_env_jazzy/share/cv_bridge/cmake)
-- Found image_transport: 5.1.8 (/home/u_ramesa2/micromamba/envs/ros_env_jazzy/share/image_transport/cmake)
-- Found tf2: 0.36.22 (/home/u_ramesa2/micromamba/envs/ros_env_jazzy/share/tf2/cmake)
-- Found tf2_ros: 0.36.22 (/home/u_ramesa2/micromamba/envs/ros_env_jazzy/share/tf2_ros/cmake)
-- Found tf2_geometry_msgs: 0.36.22 (/home/u_ramesa2/micromamba/envs/ros_env_jazzy/share/tf2_geometry_msgs/cmake)
-- Found eigen3_cmake_module: 0.3.1 (/home/u_ramesa2/micromamba/envs/ros_env_jazzy/share/eigen3_cmake_module/cmake)
-- Found Eigen3: TRUE (found version "5.0.1")
-- Ensuring Eigen3 include directory is part of orocos-kdl CMake target
-- Found OpenCV: /home/u_ramesa2/micromamba/envs/ros_env_jazzy (found version "4.13.0")
-- Found CUDAToolkit: /usr/local/cuda/targets/x86_64-linux/include (found version "12.2.140")
-- Performing Test CMAKE_HAVE_LIBC_PTHREAD
-- Performing Test CMAKE_HAVE_LIBC_PTHREAD - Success
-- Found Threads: TRUE
-- Found ament_lint_auto: 0.17.5 (/home/u_ramesa2/micromamba/envs/ros_env_jazzy/share/ament_lint_auto/cmake)
-- Added test 'copyright' to check source files copyright and LICENSE
-- Added test 'cppcheck' to perform static code analysis on C / C++ code
-- Configured cppcheck include dirs: /mnt/external/DIY/CameraModule/autonomous_rc/src/zed_interface/include
-- Configured cppcheck exclude dirs and/or files: 
-- Added test 'cpplint' to check C / C++ code against the Google style
-- Configured cpplint exclude dirs and/or files: 
-- Added test 'flake8' to check Python code syntax and style conventions
-- Configured 'flake8' exclude dirs and/or files: 
-- Added test 'lint_cmake' to check CMake code style
-- Added test 'pep257' to check Python code against some of the docstring style conventions in PEP 257
-- Added test 'uncrustify' to check C / C++ code style
-- Configured uncrustify additional arguments: 
-- Added test 'xmllint' to check XML markup files
-- Configuring done (3.1s)
-- Generating done (0.1s)
-- Build files have been written to: /mnt/external/DIY/CameraModule/autonomous_rc/build/zed_interface
[ 66%] Building CXX object CMakeFiles/zed_interface_node.dir/src/main.cpp.o
[ 66%] Building CXX object CMakeFiles/zed_interface_node.dir/src/zed_interface_node.cpp.o
In file included from /mnt/external/DIY/CameraModule/autonomous_rc/src/zed_interface/include/zed_interface/zed_interface_node.hpp:16,
                 from /mnt/external/DIY/CameraModule/autonomous_rc/src/zed_interface/src/zed_interface_node.cpp:1:
/usr/local/zed/include/sl/Camera.hpp:1156:20: warning: ISO C++ prohibits anonymous structs [-Wpedantic]
 1156 |             struct {
      |                    ^
/usr/local/zed/include/sl/Camera.hpp:1307:20: warning: ISO C++ prohibits anonymous structs [-Wpedantic]
 1307 |             struct {
      |                    ^
/usr/local/zed/include/sl/Camera.hpp:1493:20: warning: ISO C++ prohibits anonymous structs [-Wpedantic]
 1493 |             struct {
      |                    ^
/usr/local/zed/include/sl/Camera.hpp:1551:33: warning: template-id not allowed for constructor in C++20 [-Wtemplate-id-cdtor]
 1551 |         _FCT_CPU_GPU_ Vector2<T>(const Vector2<T> &v) {
      |                                 ^
/usr/local/zed/include/sl/Camera.hpp:1551:33: note: remove the '< >'
/usr/local/zed/include/sl/Camera.hpp:1708:20: warning: ISO C++ prohibits anonymous structs [-Wpedantic]
 1708 |             struct {
      |                    ^
/usr/local/zed/include/sl/Camera.hpp:1712:20: warning: ISO C++ prohibits anonymous structs [-Wpedantic]
 1712 |             struct {
      |                    ^
/usr/local/zed/include/sl/Camera.hpp:1716:20: warning: ISO C++ prohibits anonymous structs [-Wpedantic]
 1716 |             struct {
      |                    ^
/usr/local/zed/include/sl/Camera.hpp:1777:33: warning: template-id not allowed for constructor in C++20 [-Wtemplate-id-cdtor]
 1777 |         _FCT_CPU_GPU_ Vector3<T>(const Vector3<T> &v) {
      |                                 ^
/usr/local/zed/include/sl/Camera.hpp:1777:33: note: remove the '< >'
/usr/local/zed/include/sl/Camera.hpp:1788:33: warning: template-id not allowed for constructor in C++20 [-Wtemplate-id-cdtor]
 1788 |         _FCT_CPU_GPU_ Vector3<T>(const Vector2<T> &v, const T d = 0) {
      |                                 ^
/usr/local/zed/include/sl/Camera.hpp:1788:33: note: remove the '< >'
/usr/local/zed/include/sl/Camera.hpp:1799:33: warning: template-id not allowed for constructor in C++20 [-Wtemplate-id-cdtor]
 1799 |         _FCT_CPU_GPU_ Vector3<T>(const Vector4<T>& v) {
      |                                 ^
/usr/local/zed/include/sl/Camera.hpp:1799:33: note: remove the '< >'
/usr/local/zed/include/sl/Camera.hpp:2024:20: warning: ISO C++ prohibits anonymous structs [-Wpedantic]
 2024 |             struct {
      |                    ^
/usr/local/zed/include/sl/Camera.hpp:2028:20: warning: ISO C++ prohibits anonymous structs [-Wpedantic]
 2028 |             struct {
      |                    ^
/usr/local/zed/include/sl/Camera.hpp:2032:20: warning: ISO C++ prohibits anonymous structs [-Wpedantic]
 2032 |             struct {
      |                    ^
/usr/local/zed/include/sl/Camera.hpp:2096:33: warning: template-id not allowed for constructor in C++20 [-Wtemplate-id-cdtor]
 2096 |         _FCT_CPU_GPU_ Vector4<T>(const Vector4<T> &v) {
      |                                 ^
/usr/local/zed/include/sl/Camera.hpp:2096:33: note: remove the '< >'
/usr/local/zed/include/sl/Camera.hpp:2108:33: warning: template-id not allowed for constructor in C++20 [-Wtemplate-id-cdtor]
 2108 |         _FCT_CPU_GPU_ Vector4<T>(const Vector4<T> &v, const T d) {
      |                                 ^
/usr/local/zed/include/sl/Camera.hpp:2108:33: note: remove the '< >'
/usr/local/zed/include/sl/Camera.hpp:2120:33: warning: template-id not allowed for constructor in C++20 [-Wtemplate-id-cdtor]
 2120 |         _FCT_CPU_GPU_ Vector4<T>(const Vector3<T>& v, const T d = 0) {
      |                                 ^
/usr/local/zed/include/sl/Camera.hpp:2120:33: note: remove the '< >'
/usr/local/zed/include/sl/Camera.hpp: In function 'sl::Timestamp sl::operator+(Timestamp, const Timestamp&)':
/usr/local/zed/include/sl/Camera.hpp:2583:16: warning: implicitly-declared 'constexpr sl::Timestamp::Timestamp(const sl::Timestamp&)' is deprecated [-Wdeprecated-copy]
 2583 |         return lhs;
      |                ^~~
/usr/local/zed/include/sl/Camera.hpp:2504:20: note: because 'sl::Timestamp' has user-provided 'sl::Timestamp& sl::Timestamp::operator=(sl::Timestamp)'
 2504 |         Timestamp& operator=(Timestamp other) {
      |                    ^~~~~~~~
/usr/local/zed/include/sl/Camera.hpp: In function 'sl::Timestamp sl::operator-(Timestamp, const Timestamp&)':
/usr/local/zed/include/sl/Camera.hpp:2588:16: warning: implicitly-declared 'constexpr sl::Timestamp::Timestamp(const sl::Timestamp&)' is deprecated [-Wdeprecated-copy]
 2588 |         return lhs;
      |                ^~~
/usr/local/zed/include/sl/Camera.hpp:2504:20: note: because 'sl::Timestamp' has user-provided 'sl::Timestamp& sl::Timestamp::operator=(sl::Timestamp)'
 2504 |         Timestamp& operator=(Timestamp other) {
      |                    ^~~~~~~~
/usr/local/zed/include/sl/Camera.hpp: In function 'sl::Timestamp sl::operator/(Timestamp, const Timestamp&)':
/usr/local/zed/include/sl/Camera.hpp:2593:16: warning: implicitly-declared 'constexpr sl::Timestamp::Timestamp(const sl::Timestamp&)' is deprecated [-Wdeprecated-copy]
 2593 |         return lhs;
      |                ^~~
/usr/local/zed/include/sl/Camera.hpp:2504:20: note: because 'sl::Timestamp' has user-provided 'sl::Timestamp& sl::Timestamp::operator=(sl::Timestamp)'
 2504 |         Timestamp& operator=(Timestamp other) {
      |                    ^~~~~~~~
/usr/local/zed/include/sl/Camera.hpp: In function 'sl::Timestamp sl::operator*(Timestamp, const Timestamp&)':
/usr/local/zed/include/sl/Camera.hpp:2598:16: warning: implicitly-declared 'constexpr sl::Timestamp::Timestamp(const sl::Timestamp&)' is deprecated [-Wdeprecated-copy]
 2598 |         return lhs;
      |                ^~~
/usr/local/zed/include/sl/Camera.hpp:2504:20: note: because 'sl::Timestamp' has user-provided 'sl::Timestamp& sl::Timestamp::operator=(sl::Timestamp)'
 2504 |         Timestamp& operator=(Timestamp other) {
      |                    ^~~~~~~~
/usr/local/zed/include/sl/Camera.hpp: In function 'sl::Timestamp sl::getCurrentTimeStamp()':
/usr/local/zed/include/sl/Camera.hpp:2632:16: warning: implicitly-declared 'constexpr sl::Timestamp::Timestamp(const sl::Timestamp&)' is deprecated [-Wdeprecated-copy]
 2632 |         return current_ts;
      |                ^~~~~~~~~~
/usr/local/zed/include/sl/Camera.hpp:2504:20: note: because 'sl::Timestamp' has user-provided 'sl::Timestamp& sl::Timestamp::operator=(sl::Timestamp)'
 2504 |         Timestamp& operator=(Timestamp other) {
      |                    ^~~~~~~~
/usr/local/zed/include/sl/Camera.hpp: In function 'cudaError sl::__cudaSafeCall(cudaError, const char*, const char*, int)':
/usr/local/zed/include/sl/Camera.hpp:2639:89: warning: unused parameter 'file' [-Wunused-parameter]
 2639 |     static inline cudaError __cudaSafeCall(cudaError err, const char *func, const char *file, const int line) {
      |                                                                             ~~~~~~~~~~~~^~~~
/usr/local/zed/include/sl/Camera.hpp:2639:105: warning: unused parameter 'line' [-Wunused-parameter]
 2639 |     static inline cudaError __cudaSafeCall(cudaError err, const char *func, const char *file, const int line) {
      |                                                                                               ~~~~~~~~~~^~~~
/usr/local/zed/include/sl/Camera.hpp: In member function 'sl::CalibrationParameters sl::CalibrationParameters::scale(const sl::Resolution&) const':
/usr/local/zed/include/sl/Camera.hpp:3755:62: warning: implicitly-declared 'sl::Transform& sl::Transform::operator=(const sl::Transform&)' is deprecated [-Wdeprecated-copy]
 3755 |             output_calibration_parameters.stereo_transform = stereo_transform;
      |                                                              ^~~~~~~~~~~~~~~~
/usr/local/zed/include/sl/Camera.hpp:3538:9: note: because 'sl::Transform' has user-provided 'sl::Transform::Transform(const sl::Transform&)'
 3538 |         Transform(const Transform &motion);
      |         ^~~~~~~~~
/usr/local/zed/include/sl/Camera.hpp: In member function 'sl::Transform& sl::Transform::operator=(const sl::Transform&)':
/usr/local/zed/include/sl/Camera.hpp:3527:60: warning: implicitly-declared 'sl::Matrix4f& sl::Matrix4f::operator=(const sl::Matrix4f&)' is deprecated [-Wdeprecated-copy]
 3527 |     class /*@cond SHOWHIDDEN*/ SL_CORE_EXPORT /*@endcond*/ Transform : public Matrix4f {
      |                                                            ^~~~~~~~~
/usr/local/zed/include/sl/Camera.hpp:1329:9: note: because 'sl::Matrix4f' has user-provided 'sl::Matrix4f::Matrix4f(const sl::Matrix4f&)'
 1329 |         Matrix4f(const Matrix4f &mat);
      |         ^~~~~~~~
/usr/local/zed/include/sl/Camera.hpp: In member function 'sl::CalibrationParameters sl::CalibrationParameters::scale(const sl::Resolution&) const':
/usr/local/zed/include/sl/Camera.hpp:3755:62: note: synthesized method 'sl::Transform& sl::Transform::operator=(const sl::Transform&)' first required here
 3755 |             output_calibration_parameters.stereo_transform = stereo_transform;
      |                                                              ^~~~~~~~~~~~~~~~
/usr/local/zed/include/sl/Camera.hpp: In constructor 'sl::SVOData::SVOData(std::string&, std::vector<unsigned char>&, sl::Timestamp)':
/usr/local/zed/include/sl/Camera.hpp:6058:28: warning: implicitly-declared 'constexpr sl::Timestamp::Timestamp(const sl::Timestamp&)' is deprecated [-Wdeprecated-copy]
 6058 |             timestamp_ns = timestamp_ns_;
      |                            ^~~~~~~~~~~~~
/usr/local/zed/include/sl/Camera.hpp:2504:20: note: because 'sl::Timestamp' has user-provided 'sl::Timestamp& sl::Timestamp::operator=(sl::Timestamp)'
 2504 |         Timestamp& operator=(Timestamp other) {
      |                    ^~~~~~~~
/usr/local/zed/include/sl/Camera.hpp:2504:40: note: initializing argument 1 of 'sl::Timestamp& sl::Timestamp::operator=(sl::Timestamp)'
 2504 |         Timestamp& operator=(Timestamp other) {
      |                              ~~~~~~~~~~^~~~~
/usr/local/zed/include/sl/Camera.hpp: At global scope:
/usr/local/zed/include/sl/Camera.hpp:6984:12: warning: type qualifiers ignored on function return type [-Wignored-qualifiers]
 6984 |     inline const void /*@cond SHOWHIDDEN*/SL_SDK_EXPORT/*@endcond*/ getZEDSDKBuildVersion(int &major, int& minor, int& patch) {
      |            ^~~~~
In file included from /mnt/external/DIY/CameraModule/autonomous_rc/src/zed_interface/include/zed_interface/zed_interface_node.hpp:16,
                 from /mnt/external/DIY/CameraModule/autonomous_rc/src/zed_interface/src/main.cpp:2:
/usr/local/zed/include/sl/Camera.hpp:1156:20: warning: ISO C++ prohibits anonymous structs [-Wpedantic]
 1156 |             struct {
      |                    ^
/usr/local/zed/include/sl/Camera.hpp:1307:20: warning: ISO C++ prohibits anonymous structs [-Wpedantic]
 1307 |             struct {
      |                    ^
/usr/local/zed/include/sl/Camera.hpp:1493:20: warning: ISO C++ prohibits anonymous structs [-Wpedantic]
 1493 |             struct {
      |                    ^
/usr/local/zed/include/sl/Camera.hpp:1551:33: warning: template-id not allowed for constructor in C++20 [-Wtemplate-id-cdtor]
 1551 |         _FCT_CPU_GPU_ Vector2<T>(const Vector2<T> &v) {
      |                                 ^
/usr/local/zed/include/sl/Camera.hpp:1551:33: note: remove the '< >'
/usr/local/zed/include/sl/Camera.hpp:1708:20: warning: ISO C++ prohibits anonymous structs [-Wpedantic]
 1708 |             struct {
      |                    ^
/usr/local/zed/include/sl/Camera.hpp:1712:20: warning: ISO C++ prohibits anonymous structs [-Wpedantic]
 1712 |             struct {
      |                    ^
/usr/local/zed/include/sl/Camera.hpp:1716:20: warning: ISO C++ prohibits anonymous structs [-Wpedantic]
 1716 |             struct {
      |                    ^
/usr/local/zed/include/sl/Camera.hpp:1777:33: warning: template-id not allowed for constructor in C++20 [-Wtemplate-id-cdtor]
 1777 |         _FCT_CPU_GPU_ Vector3<T>(const Vector3<T> &v) {
      |                                 ^
/usr/local/zed/include/sl/Camera.hpp:1777:33: note: remove the '< >'
/usr/local/zed/include/sl/Camera.hpp:1788:33: warning: template-id not allowed for constructor in C++20 [-Wtemplate-id-cdtor]
 1788 |         _FCT_CPU_GPU_ Vector3<T>(const Vector2<T> &v, const T d = 0) {
      |                                 ^
/usr/local/zed/include/sl/Camera.hpp:1788:33: note: remove the '< >'
/usr/local/zed/include/sl/Camera.hpp:1799:33: warning: template-id not allowed for constructor in C++20 [-Wtemplate-id-cdtor]
 1799 |         _FCT_CPU_GPU_ Vector3<T>(const Vector4<T>& v) {
      |                                 ^
/usr/local/zed/include/sl/Camera.hpp:1799:33: note: remove the '< >'
/usr/local/zed/include/sl/Camera.hpp:2024:20: warning: ISO C++ prohibits anonymous structs [-Wpedantic]
 2024 |             struct {
      |                    ^
/usr/local/zed/include/sl/Camera.hpp:2028:20: warning: ISO C++ prohibits anonymous structs [-Wpedantic]
 2028 |             struct {
      |                    ^
/usr/local/zed/include/sl/Camera.hpp:2032:20: warning: ISO C++ prohibits anonymous structs [-Wpedantic]
 2032 |             struct {
      |                    ^
/usr/local/zed/include/sl/Camera.hpp:2096:33: warning: template-id not allowed for constructor in C++20 [-Wtemplate-id-cdtor]
 2096 |         _FCT_CPU_GPU_ Vector4<T>(const Vector4<T> &v) {
      |                                 ^
/usr/local/zed/include/sl/Camera.hpp:2096:33: note: remove the '< >'
/usr/local/zed/include/sl/Camera.hpp:2108:33: warning: template-id not allowed for constructor in C++20 [-Wtemplate-id-cdtor]
 2108 |         _FCT_CPU_GPU_ Vector4<T>(const Vector4<T> &v, const T d) {
      |                                 ^
/usr/local/zed/include/sl/Camera.hpp:2108:33: note: remove the '< >'
/usr/local/zed/include/sl/Camera.hpp:2120:33: warning: template-id not allowed for constructor in C++20 [-Wtemplate-id-cdtor]
 2120 |         _FCT_CPU_GPU_ Vector4<T>(const Vector3<T>& v, const T d = 0) {
      |                                 ^
/usr/local/zed/include/sl/Camera.hpp:2120:33: note: remove the '< >'
/usr/local/zed/include/sl/Camera.hpp: In function 'sl::Timestamp sl::operator+(Timestamp, const Timestamp&)':
/usr/local/zed/include/sl/Camera.hpp:2583:16: warning: implicitly-declared 'constexpr sl::Timestamp::Timestamp(const sl::Timestamp&)' is deprecated [-Wdeprecated-copy]
 2583 |         return lhs;
      |                ^~~
/usr/local/zed/include/sl/Camera.hpp:2504:20: note: because 'sl::Timestamp' has user-provided 'sl::Timestamp& sl::Timestamp::operator=(sl::Timestamp)'
 2504 |         Timestamp& operator=(Timestamp other) {
      |                    ^~~~~~~~
/usr/local/zed/include/sl/Camera.hpp: In function 'sl::Timestamp sl::operator-(Timestamp, const Timestamp&)':
/usr/local/zed/include/sl/Camera.hpp:2588:16: warning: implicitly-declared 'constexpr sl::Timestamp::Timestamp(const sl::Timestamp&)' is deprecated [-Wdeprecated-copy]
 2588 |         return lhs;
      |                ^~~
/usr/local/zed/include/sl/Camera.hpp:2504:20: note: because 'sl::Timestamp' has user-provided 'sl::Timestamp& sl::Timestamp::operator=(sl::Timestamp)'
 2504 |         Timestamp& operator=(Timestamp other) {
      |                    ^~~~~~~~
/usr/local/zed/include/sl/Camera.hpp: In function 'sl::Timestamp sl::operator/(Timestamp, const Timestamp&)':
/usr/local/zed/include/sl/Camera.hpp:2593:16: warning: implicitly-declared 'constexpr sl::Timestamp::Timestamp(const sl::Timestamp&)' is deprecated [-Wdeprecated-copy]
 2593 |         return lhs;
      |                ^~~
/usr/local/zed/include/sl/Camera.hpp:2504:20: note: because 'sl::Timestamp' has user-provided 'sl::Timestamp& sl::Timestamp::operator=(sl::Timestamp)'
 2504 |         Timestamp& operator=(Timestamp other) {
      |                    ^~~~~~~~
/usr/local/zed/include/sl/Camera.hpp: In function 'sl::Timestamp sl::operator*(Timestamp, const Timestamp&)':
/usr/local/zed/include/sl/Camera.hpp:2598:16: warning: implicitly-declared 'constexpr sl::Timestamp::Timestamp(const sl::Timestamp&)' is deprecated [-Wdeprecated-copy]
 2598 |         return lhs;
      |                ^~~
/usr/local/zed/include/sl/Camera.hpp:2504:20: note: because 'sl::Timestamp' has user-provided 'sl::Timestamp& sl::Timestamp::operator=(sl::Timestamp)'
 2504 |         Timestamp& operator=(Timestamp other) {
      |                    ^~~~~~~~
/usr/local/zed/include/sl/Camera.hpp: In function 'sl::Timestamp sl::getCurrentTimeStamp()':
/usr/local/zed/include/sl/Camera.hpp:2632:16: warning: implicitly-declared 'constexpr sl::Timestamp::Timestamp(const sl::Timestamp&)' is deprecated [-Wdeprecated-copy]
 2632 |         return current_ts;
      |                ^~~~~~~~~~
/usr/local/zed/include/sl/Camera.hpp:2504:20: note: because 'sl::Timestamp' has user-provided 'sl::Timestamp& sl::Timestamp::operator=(sl::Timestamp)'
 2504 |         Timestamp& operator=(Timestamp other) {
      |                    ^~~~~~~~
/usr/local/zed/include/sl/Camera.hpp: In function 'cudaError sl::__cudaSafeCall(cudaError, const char*, const char*, int)':
/usr/local/zed/include/sl/Camera.hpp:2639:89: warning: unused parameter 'file' [-Wunused-parameter]
 2639 |     static inline cudaError __cudaSafeCall(cudaError err, const char *func, const char *file, const int line) {
      |                                                                             ~~~~~~~~~~~~^~~~
/usr/local/zed/include/sl/Camera.hpp:2639:105: warning: unused parameter 'line' [-Wunused-parameter]
 2639 |     static inline cudaError __cudaSafeCall(cudaError err, const char *func, const char *file, const int line) {
      |                                                                                               ~~~~~~~~~~^~~~
/usr/local/zed/include/sl/Camera.hpp: In member function 'sl::CalibrationParameters sl::CalibrationParameters::scale(const sl::Resolution&) const':
/usr/local/zed/include/sl/Camera.hpp:3755:62: warning: implicitly-declared 'sl::Transform& sl::Transform::operator=(const sl::Transform&)' is deprecated [-Wdeprecated-copy]
 3755 |             output_calibration_parameters.stereo_transform = stereo_transform;
      |                                                              ^~~~~~~~~~~~~~~~
/usr/local/zed/include/sl/Camera.hpp:3538:9: note: because 'sl::Transform' has user-provided 'sl::Transform::Transform(const sl::Transform&)'
 3538 |         Transform(const Transform &motion);
      |         ^~~~~~~~~
/usr/local/zed/include/sl/Camera.hpp: In member function 'sl::Transform& sl::Transform::operator=(const sl::Transform&)':
/usr/local/zed/include/sl/Camera.hpp:3527:60: warning: implicitly-declared 'sl::Matrix4f& sl::Matrix4f::operator=(const sl::Matrix4f&)' is deprecated [-Wdeprecated-copy]
 3527 |     class /*@cond SHOWHIDDEN*/ SL_CORE_EXPORT /*@endcond*/ Transform : public Matrix4f {
      |                                                            ^~~~~~~~~
/usr/local/zed/include/sl/Camera.hpp:1329:9: note: because 'sl::Matrix4f' has user-provided 'sl::Matrix4f::Matrix4f(const sl::Matrix4f&)'
 1329 |         Matrix4f(const Matrix4f &mat);
      |         ^~~~~~~~
/usr/local/zed/include/sl/Camera.hpp: In member function 'sl::CalibrationParameters sl::CalibrationParameters::scale(const sl::Resolution&) const':
/usr/local/zed/include/sl/Camera.hpp:3755:62: note: synthesized method 'sl::Transform& sl::Transform::operator=(const sl::Transform&)' first required here
 3755 |             output_calibration_parameters.stereo_transform = stereo_transform;
      |                                                              ^~~~~~~~~~~~~~~~
/usr/local/zed/include/sl/Camera.hpp: In constructor 'sl::SVOData::SVOData(std::string&, std::vector<unsigned char, std::allocator<unsigned char> >&, sl::Timestamp)':
/usr/local/zed/include/sl/Camera.hpp:6058:28: warning: implicitly-declared 'constexpr sl::Timestamp::Timestamp(const sl::Timestamp&)' is deprecated [-Wdeprecated-copy]
 6058 |             timestamp_ns = timestamp_ns_;
      |                            ^~~~~~~~~~~~~
/usr/local/zed/include/sl/Camera.hpp:2504:20: note: because 'sl::Timestamp' has user-provided 'sl::Timestamp& sl::Timestamp::operator=(sl::Timestamp)'
 2504 |         Timestamp& operator=(Timestamp other) {
      |                    ^~~~~~~~
/usr/local/zed/include/sl/Camera.hpp:2504:40: note: initializing argument 1 of 'sl::Timestamp& sl::Timestamp::operator=(sl::Timestamp)'
 2504 |         Timestamp& operator=(Timestamp other) {
      |                              ~~~~~~~~~~^~~~~
/usr/local/zed/include/sl/Camera.hpp: At global scope:
/usr/local/zed/include/sl/Camera.hpp:6984:12: warning: type qualifiers ignored on function return type [-Wignored-qualifiers]
 6984 |     inline const void /*@cond SHOWHIDDEN*/SL_SDK_EXPORT/*@endcond*/ getZEDSDKBuildVersion(int &major, int& minor, int& patch) {
      |            ^~~~~
[100%] Linking CXX executable zed_interface_node
[100%] Built target zed_interface_node
-- Install configuration: "Release"
-- Execute custom install script
-- Symlinking: /mnt/external/DIY/CameraModule/autonomous_rc/install/zed_interface/lib/zed_interface/zed_interface_node
-- Symlinking: /mnt/external/DIY/CameraModule/autonomous_rc/install/zed_interface/share/zed_interface/launch/zed_interface.launch.py
-- Symlinking: /mnt/external/DIY/CameraModule/autonomous_rc/install/zed_interface/share/zed_interface/config/obstacle_mode.yaml
-- Symlinking: /mnt/external/DIY/CameraModule/autonomous_rc/install/zed_interface/share/zed_interface/config/speed_mode.yaml
-- Symlinking: /mnt/external/DIY/CameraModule/autonomous_rc/install/zed_interface/share/ament_index/resource_index/package_run_dependencies/zed_interface
-- Symlinking: /mnt/external/DIY/CameraModule/autonomous_rc/install/zed_interface/share/ament_index/resource_index/parent_prefix_path/zed_interface
-- Symlinking: /mnt/external/DIY/CameraModule/autonomous_rc/install/zed_interface/share/zed_interface/environment/ament_prefix_path.sh
-- Symlinking: /mnt/external/DIY/CameraModule/autonomous_rc/install/zed_interface/share/zed_interface/environment/ament_prefix_path.dsv
-- Symlinking: /mnt/external/DIY/CameraModule/autonomous_rc/install/zed_interface/share/zed_interface/environment/path.sh
-- Symlinking: /mnt/external/DIY/CameraModule/autonomous_rc/install/zed_interface/share/zed_interface/environment/path.dsv
-- Symlinking: /mnt/external/DIY/CameraModule/autonomous_rc/install/zed_interface/share/zed_interface/local_setup.bash
-- Symlinking: /mnt/external/DIY/CameraModule/autonomous_rc/install/zed_interface/share/zed_interface/local_setup.sh
-- Symlinking: /mnt/external/DIY/CameraModule/autonomous_rc/install/zed_interface/share/zed_interface/local_setup.zsh
-- Symlinking: /mnt/external/DIY/CameraModule/autonomous_rc/install/zed_interface/share/zed_interface/local_setup.dsv
-- Symlinking: /mnt/external/DIY/CameraModule/autonomous_rc/install/zed_interface/share/zed_interface/package.dsv
-- Symlinking: /mnt/external/DIY/CameraModule/autonomous_rc/install/zed_interface/share/ament_index/resource_index/packages/zed_interface
-- Symlinking: /mnt/external/DIY/CameraModule/autonomous_rc/install/zed_interface/share/zed_interface/cmake/zed_interfaceConfig.cmake
-- Symlinking: /mnt/external/DIY/CameraModule/autonomous_rc/install/zed_interface/share/zed_interface/cmake/zed_interfaceConfig-version.cmake
-- Symlinking: /mnt/external/DIY/CameraModule/autonomous_rc/install/zed_interface/share/zed_interface/package.xml
