-- The C compiler identification is GNU 15.3.0
-- The CXX compiler identification is GNU 15.3.0
-- Detecting C compiler ABI info
-- Detecting C compiler ABI info - done
-- Check for working C compiler: /home/u_ramesa2/micromamba/envs/ros_env_jazzy/bin/cc - skipped
-- Detecting C compile features
-- Detecting C compile features - done
-- Detecting CXX compiler ABI info
-- Detecting CXX compiler ABI info - done
-- Check for working CXX compiler: /home/u_ramesa2/micromamba/envs/ros_env_jazzy/bin/c++ - skipped
-- Detecting CXX compile features
-- Detecting CXX compile features - done
-- Found ament_cmake: 2.5.6 (/home/u_ramesa2/micromamba/envs/ros_env_jazzy/share/ament_cmake/cmake)
-- Found Python3: /home/u_ramesa2/micromamba/envs/ros_env_jazzy/bin/python3 (found version "3.12.14") found components: Interpreter
-- Override CMake install command with custom implementation using symlinks instead of copying resources
-- Found rclcpp: 28.1.21 (/home/u_ramesa2/micromamba/envs/ros_env_jazzy/share/rclcpp/cmake)
-- Found rosidl_generator_c: 4.6.9 (/home/u_ramesa2/micromamba/envs/ros_env_jazzy/share/rosidl_generator_c/cmake)
-- Found rosidl_generator_cpp: 4.6.9 (/home/u_ramesa2/micromamba/envs/ros_env_jazzy/share/rosidl_generator_cpp/cmake)
-- Using all available rosidl_typesupport_c: rosidl_typesupport_fastrtps_c;rosidl_typesupport_introspection_c
-- Using all available rosidl_typesupport_cpp: rosidl_typesupport_fastrtps_cpp;rosidl_typesupport_introspection_cpp
-- Found rmw_implementation_cmake: 7.3.3 (/home/u_ramesa2/micromamba/envs/ros_env_jazzy/share/rmw_implementation_cmake/cmake)
-- Found rmw_fastrtps_cpp: 8.4.4 (/home/u_ramesa2/micromamba/envs/ros_env_jazzy/share/rmw_fastrtps_cpp/cmake)
-- Found OpenSSL: /home/u_ramesa2/micromamba/envs/ros_env_jazzy/lib/libcrypto.so (found version "3.6.4")
-- Found FastRTPS: /home/u_ramesa2/micromamba/envs/ros_env_jazzy/include (Required is at least version "2.13")
-- Using RMW implementation 'rmw_fastrtps_cpp' as default
-- Found std_msgs: 5.3.8 (/home/u_ramesa2/micromamba/envs/ros_env_jazzy/share/std_msgs/cmake)
-- Found ackermann_msgs: 2.0.2 (/home/u_ramesa2/micromamba/envs/ros_env_jazzy/share/ackermann_msgs/cmake)
-- Found rosidl_default_generators: 1.6.1 (/home/u_ramesa2/micromamba/envs/ros_env_jazzy/share/rosidl_default_generators/cmake)
-- Found rosidl_adapter: 4.6.9 (/home/u_ramesa2/micromamba/envs/ros_env_jazzy/share/rosidl_adapter/cmake)
-- Found ament_cmake_ros: 0.12.1 (/home/u_ramesa2/micromamba/envs/ros_env_jazzy/share/ament_cmake_ros/cmake)
-- Using all available rosidl_typesupport_c: rosidl_typesupport_fastrtps_c;rosidl_typesupport_introspection_c
-- Using all available rosidl_typesupport_cpp: rosidl_typesupport_fastrtps_cpp;rosidl_typesupport_introspection_cpp
-- Found python_cmake_module: 0.11.1 (/home/u_ramesa2/micromamba/envs/ros_env_jazzy/share/python_cmake_module/cmake)
-- Found PythonExtra: /home/u_ramesa2/micromamba/envs/ros_env_jazzy/bin/python3
-- Found Python3: /home/u_ramesa2/micromamba/envs/ros_env_jazzy/bin/python3 (found version "3.12.14") found components: Interpreter Development NumPy Development.Module Development.Embed
-- Found Python3: /home/u_ramesa2/micromamba/envs/ros_env_jazzy/bin/python3 (found version "3.12.14") found components: Interpreter
-- Found ament_lint_auto: 0.17.5 (/home/u_ramesa2/micromamba/envs/ros_env_jazzy/share/ament_lint_auto/cmake)
-- Added test 'copyright' to check source files copyright and LICENSE
-- Added test 'cppcheck' to perform static code analysis on C / C++ code
-- Configured cppcheck include dirs: /mnt/external/DIY/CameraModule/autonomous_rc/src/safety_manager/include;/mnt/external/DIY/CameraModule/autonomous_rc/src/safety_manager/common
-- Configured cppcheck exclude dirs and/or files: 
-- Added test 'cpplint' to check C / C++ code against the Google style
-- Configured cpplint exclude dirs and/or files: 
-- Added test 'flake8' to check Python code syntax and style conventions
-- Configured 'flake8' exclude dirs and/or files: 
-- Added test 'lint_cmake' to check CMake code style
-- Added test 'pep257' to check Python code against some of the docstring style conventions in PEP 257
-- Added test 'uncrustify' to check C / C++ code style
-- Configured uncrustify additional arguments: 
-- Added test 'xmllint' to check XML markup files
-- Configuring done (5.6s)
-- Generating done (0.2s)
-- Build files have been written to: /mnt/external/DIY/CameraModule/autonomous_rc/build/safety_manager
[  2%] Generating type hashes for ROS interfaces
[  4%] Generating Rust code for ROS interfaces
[  4%] Built target ament_cmake_python_symlink_safety_manager
running egg_info
[  4%] Built target safety_manager__rosidl_generator_type_description
[  6%] Generating C code for ROS interfaces
creating safety_manager.egg-info
writing safety_manager.egg-info/PKG-INFO
writing dependency_links to safety_manager.egg-info/dependency_links.txt
writing top-level names to safety_manager.egg-info/top_level.txt
writing manifest file 'safety_manager.egg-info/SOURCES.txt'
[  8%] Generating C++ code for ROS interfaces
reading manifest file 'safety_manager.egg-info/SOURCES.txt'
writing manifest file 'safety_manager.egg-info/SOURCES.txt'
[  8%] Built target safety_manager__rs
[  8%] Built target ament_cmake_python_build_safety_manager_egg
[ 12%] Building C object CMakeFiles/safety_manager__rosidl_generator_c.dir/rosidl_generator_c/safety_manager/msg/detail/e_stop_status__type_support.c.o
[ 12%] Building C object CMakeFiles/safety_manager__rosidl_generator_c.dir/rosidl_generator_c/safety_manager/msg/detail/vehicle_state__functions.c.o
[ 14%] Building C object CMakeFiles/safety_manager__rosidl_generator_c.dir/rosidl_generator_c/safety_manager/msg/detail/vehicle_state__type_support.c.o
[ 16%] Building C object CMakeFiles/safety_manager__rosidl_generator_c.dir/rosidl_generator_c/safety_manager/msg/detail/e_stop_status__description.c.o
[ 18%] Building C object CMakeFiles/safety_manager__rosidl_generator_c.dir/rosidl_generator_c/safety_manager/msg/detail/e_stop_status__functions.c.o
[ 20%] Building C object CMakeFiles/safety_manager__rosidl_generator_c.dir/rosidl_generator_c/safety_manager/msg/detail/vehicle_state__description.c.o
[ 20%] Built target safety_manager__cpp
[ 22%] Linking C shared library libsafety_manager__rosidl_generator_c.so
[ 22%] Built target safety_manager__rosidl_generator_c
[ 24%] Generating C type support for eProsima Fast-RTPS
[ 28%] Generating C type support dispatch for ROS interfaces
[ 28%] Generating C++ type support for eProsima Fast-RTPS
[ 32%] Generating C++ type support dispatch for ROS interfaces
[ 32%] Generating C++ introspection for ROS interfaces
[ 34%] Generating C introspection for ROS interfaces
[ 36%] Building CXX object CMakeFiles/safety_manager__rosidl_typesupport_c.dir/rosidl_typesupport_c/safety_manager/msg/e_stop_status__type_support.cpp.o
[ 38%] Building CXX object CMakeFiles/safety_manager__rosidl_typesupport_c.dir/rosidl_typesupport_c/safety_manager/msg/vehicle_state__type_support.cpp.o
[ 40%] Building C object CMakeFiles/safety_manager__rosidl_typesupport_introspection_c.dir/rosidl_typesupport_introspection_c/safety_manager/msg/detail/e_stop_status__type_support.c.o
[ 42%] Building C object CMakeFiles/safety_manager__rosidl_typesupport_introspection_c.dir/rosidl_typesupport_introspection_c/safety_manager/msg/detail/vehicle_state__type_support.c.o
[ 44%] Building CXX object CMakeFiles/safety_manager__rosidl_typesupport_cpp.dir/rosidl_typesupport_cpp/safety_manager/msg/e_stop_status__type_support.cpp.o
[ 46%] Building CXX object CMakeFiles/safety_manager__rosidl_typesupport_cpp.dir/rosidl_typesupport_cpp/safety_manager/msg/vehicle_state__type_support.cpp.o
[ 48%] Building CXX object CMakeFiles/safety_manager__rosidl_typesupport_introspection_cpp.dir/rosidl_typesupport_introspection_cpp/safety_manager/msg/detail/e_stop_status__type_support.cpp.o
[ 51%] Building CXX object CMakeFiles/safety_manager__rosidl_typesupport_introspection_cpp.dir/rosidl_typesupport_introspection_cpp/safety_manager/msg/detail/vehicle_state__type_support.cpp.o
[ 53%] Linking CXX shared library libsafety_manager__rosidl_typesupport_c.so
[ 55%] Linking C shared library libsafety_manager__rosidl_typesupport_introspection_c.so
[ 57%] Building CXX object CMakeFiles/safety_manager__rosidl_typesupport_fastrtps_cpp.dir/rosidl_typesupport_fastrtps_cpp/safety_manager/msg/detail/dds_fastrtps/e_stop_status__type_support.cpp.o
[ 59%] Building CXX object CMakeFiles/safety_manager__rosidl_typesupport_fastrtps_cpp.dir/rosidl_typesupport_fastrtps_cpp/safety_manager/msg/detail/dds_fastrtps/vehicle_state__type_support.cpp.o
[ 59%] Built target safety_manager__rosidl_typesupport_c
[ 59%] Built target safety_manager__rosidl_typesupport_introspection_c
[ 63%] Building CXX object CMakeFiles/safety_manager__rosidl_typesupport_fastrtps_c.dir/rosidl_typesupport_fastrtps_c/safety_manager/msg/detail/vehicle_state__type_support_c.cpp.o
[ 63%] Building CXX object CMakeFiles/safety_manager__rosidl_typesupport_fastrtps_c.dir/rosidl_typesupport_fastrtps_c/safety_manager/msg/detail/e_stop_status__type_support_c.cpp.o
[ 65%] Linking CXX shared library libsafety_manager__rosidl_typesupport_cpp.so
[ 67%] Linking CXX shared library libsafety_manager__rosidl_typesupport_introspection_cpp.so
[ 67%] Built target safety_manager__rosidl_typesupport_cpp
[ 69%] Building CXX object CMakeFiles/estop_bridge_node.dir/src/estop_bridge_node.cpp.o
[ 71%] Building CXX object CMakeFiles/estop_bridge_node.dir/src/main.cpp.o
[ 73%] Building CXX object CMakeFiles/estop_bridge_node.dir/src/vehicle_state_machine.cpp.o
[ 73%] Built target safety_manager__rosidl_typesupport_introspection_cpp
[ 75%] Linking CXX shared library libsafety_manager__rosidl_typesupport_fastrtps_cpp.so
[ 77%] Linking CXX shared library libsafety_manager__rosidl_typesupport_fastrtps_c.so
[ 77%] Built target safety_manager__rosidl_typesupport_fastrtps_cpp
[ 77%] Built target safety_manager__rosidl_typesupport_fastrtps_c
[ 77%] Built target safety_manager
[ 79%] Generating Python code for ROS interfaces
[ 79%] Built target safety_manager__py
[ 81%] Building C object CMakeFiles/safety_manager__rosidl_generator_py.dir/rosidl_generator_py/safety_manager/msg/_e_stop_status_s.c.o
[ 83%] Building C object CMakeFiles/safety_manager__rosidl_generator_py.dir/rosidl_generator_py/safety_manager/msg/_vehicle_state_s.c.o
[ 85%] Linking C shared library libsafety_manager__rosidl_generator_py.so
[ 85%] Built target safety_manager__rosidl_generator_py
[ 87%] Building C object CMakeFiles/safety_manager_s__rosidl_typesupport_introspection_c.dir/rosidl_generator_py/safety_manager/_safety_manager_s.ep.rosidl_typesupport_introspection_c.c.o
[ 89%] Building C object CMakeFiles/safety_manager_s__rosidl_typesupport_fastrtps_c.dir/rosidl_generator_py/safety_manager/_safety_manager_s.ep.rosidl_typesupport_fastrtps_c.c.o
[ 91%] Building C object CMakeFiles/safety_manager_s__rosidl_typesupport_c.dir/rosidl_generator_py/safety_manager/_safety_manager_s.ep.rosidl_typesupport_c.c.o
[ 93%] Linking C shared module rosidl_generator_py/safety_manager/safety_manager_s__rosidl_typesupport_fastrtps_c.so
[ 95%] Linking C shared module rosidl_generator_py/safety_manager/safety_manager_s__rosidl_typesupport_introspection_c.so
[ 97%] Linking C shared module rosidl_generator_py/safety_manager/safety_manager_s__rosidl_typesupport_c.so
[ 97%] Built target safety_manager_s__rosidl_typesupport_fastrtps_c
[ 97%] Built target safety_manager_s__rosidl_typesupport_introspection_c
[ 97%] Built target safety_manager_s__rosidl_typesupport_c
[100%] Linking CXX executable estop_bridge_node
[100%] Built target estop_bridge_node
-- Install configuration: "Release"
-- Execute custom install script
-- Symlinking: /mnt/external/DIY/CameraModule/autonomous_rc/install/safety_manager/share/ament_index/resource_index/rosidl_interfaces/safety_manager
-- Symlinking: /mnt/external/DIY/CameraModule/autonomous_rc/install/safety_manager/share/safety_manager/msg/EStopStatus.json
-- Symlinking: /mnt/external/DIY/CameraModule/autonomous_rc/install/safety_manager/share/safety_manager/msg/VehicleState.json
-- Symlinking: /mnt/external/DIY/CameraModule/autonomous_rc/install/safety_manager/include/safety_manager/safety_manager/msg/detail/e_stop_status__functions.h
-- Symlinking: /mnt/external/DIY/CameraModule/autonomous_rc/install/safety_manager/include/safety_manager/safety_manager/msg/detail/e_stop_status__struct.h
-- Symlinking: /mnt/external/DIY/CameraModule/autonomous_rc/install/safety_manager/include/safety_manager/safety_manager/msg/detail/e_stop_status__type_support.h
-- Symlinking: /mnt/external/DIY/CameraModule/autonomous_rc/install/safety_manager/include/safety_manager/safety_manager/msg/detail/vehicle_state__functions.h
-- Symlinking: /mnt/external/DIY/CameraModule/autonomous_rc/install/safety_manager/include/safety_manager/safety_manager/msg/detail/vehicle_state__struct.h
-- Symlinking: /mnt/external/DIY/CameraModule/autonomous_rc/install/safety_manager/include/safety_manager/safety_manager/msg/detail/vehicle_state__type_support.h
-- Symlinking: /mnt/external/DIY/CameraModule/autonomous_rc/install/safety_manager/include/safety_manager/safety_manager/msg/e_stop_status.h
-- Symlinking: /mnt/external/DIY/CameraModule/autonomous_rc/install/safety_manager/include/safety_manager/safety_manager/msg/rosidl_generator_c__visibility_control.h
-- Symlinking: /mnt/external/DIY/CameraModule/autonomous_rc/install/safety_manager/include/safety_manager/safety_manager/msg/vehicle_state.h
-- Symlinking: /mnt/external/DIY/CameraModule/autonomous_rc/install/safety_manager/include/safety_manager/safety_manager/msg/detail/e_stop_status__rosidl_typesupport_fastrtps_c.h
-- Symlinking: /mnt/external/DIY/CameraModule/autonomous_rc/install/safety_manager/include/safety_manager/safety_manager/msg/detail/vehicle_state__rosidl_typesupport_fastrtps_c.h
-- Symlinking: /mnt/external/DIY/CameraModule/autonomous_rc/install/safety_manager/include/safety_manager/safety_manager/msg/rosidl_typesupport_fastrtps_c__visibility_control.h
-- Symlinking: /mnt/external/DIY/CameraModule/autonomous_rc/install/safety_manager/include/safety_manager/safety_manager/msg/detail/e_stop_status__builder.hpp
-- Symlinking: /mnt/external/DIY/CameraModule/autonomous_rc/install/safety_manager/include/safety_manager/safety_manager/msg/detail/e_stop_status__struct.hpp
-- Symlinking: /mnt/external/DIY/CameraModule/autonomous_rc/install/safety_manager/include/safety_manager/safety_manager/msg/detail/e_stop_status__traits.hpp
-- Symlinking: /mnt/external/DIY/CameraModule/autonomous_rc/install/safety_manager/include/safety_manager/safety_manager/msg/detail/e_stop_status__type_support.hpp
-- Symlinking: /mnt/external/DIY/CameraModule/autonomous_rc/install/safety_manager/include/safety_manager/safety_manager/msg/detail/vehicle_state__builder.hpp
-- Symlinking: /mnt/external/DIY/CameraModule/autonomous_rc/install/safety_manager/include/safety_manager/safety_manager/msg/detail/vehicle_state__struct.hpp
-- Symlinking: /mnt/external/DIY/CameraModule/autonomous_rc/install/safety_manager/include/safety_manager/safety_manager/msg/detail/vehicle_state__traits.hpp
-- Symlinking: /mnt/external/DIY/CameraModule/autonomous_rc/install/safety_manager/include/safety_manager/safety_manager/msg/detail/vehicle_state__type_support.hpp
-- Symlinking: /mnt/external/DIY/CameraModule/autonomous_rc/install/safety_manager/include/safety_manager/safety_manager/msg/e_stop_status.hpp
-- Symlinking: /mnt/external/DIY/CameraModule/autonomous_rc/install/safety_manager/include/safety_manager/safety_manager/msg/rosidl_generator_cpp__visibility_control.hpp
-- Symlinking: /mnt/external/DIY/CameraModule/autonomous_rc/install/safety_manager/include/safety_manager/safety_manager/msg/vehicle_state.hpp
-- Symlinking: /mnt/external/DIY/CameraModule/autonomous_rc/install/safety_manager/include/safety_manager/safety_manager/msg/detail/e_stop_status__rosidl_typesupport_fastrtps_cpp.hpp
-- Symlinking: /mnt/external/DIY/CameraModule/autonomous_rc/install/safety_manager/include/safety_manager/safety_manager/msg/detail/vehicle_state__rosidl_typesupport_fastrtps_cpp.hpp
-- Symlinking: /mnt/external/DIY/CameraModule/autonomous_rc/install/safety_manager/include/safety_manager/safety_manager/msg/rosidl_typesupport_fastrtps_cpp__visibility_control.h
-- Symlinking: /mnt/external/DIY/CameraModule/autonomous_rc/install/safety_manager/include/safety_manager/safety_manager/msg/detail/e_stop_status__rosidl_typesupport_introspection_c.h
-- Symlinking: /mnt/external/DIY/CameraModule/autonomous_rc/install/safety_manager/include/safety_manager/safety_manager/msg/detail/vehicle_state__rosidl_typesupport_introspection_c.h
-- Symlinking: /mnt/external/DIY/CameraModule/autonomous_rc/install/safety_manager/include/safety_manager/safety_manager/msg/rosidl_typesupport_introspection_c__visibility_control.h
-- Symlinking: /mnt/external/DIY/CameraModule/autonomous_rc/install/safety_manager/include/safety_manager/safety_manager/msg/detail/e_stop_status__rosidl_typesupport_introspection_cpp.hpp
-- Symlinking: /mnt/external/DIY/CameraModule/autonomous_rc/install/safety_manager/include/safety_manager/safety_manager/msg/detail/vehicle_state__rosidl_typesupport_introspection_cpp.hpp
-- Symlinking: /mnt/external/DIY/CameraModule/autonomous_rc/install/safety_manager/share/safety_manager/environment/pythonpath.sh
-- Symlinking: /mnt/external/DIY/CameraModule/autonomous_rc/install/safety_manager/share/safety_manager/environment/pythonpath.dsv
-- Symlinking: /mnt/external/DIY/CameraModule/autonomous_rc/install/safety_manager/lib/python3.12/site-packages/safety_manager-1.0.0-py3.12.egg-info/PKG-INFO
-- Symlinking: /mnt/external/DIY/CameraModule/autonomous_rc/install/safety_manager/lib/python3.12/site-packages/safety_manager-1.0.0-py3.12.egg-info/SOURCES.txt
-- Symlinking: /mnt/external/DIY/CameraModule/autonomous_rc/install/safety_manager/lib/python3.12/site-packages/safety_manager-1.0.0-py3.12.egg-info/dependency_links.txt
-- Symlinking: /mnt/external/DIY/CameraModule/autonomous_rc/install/safety_manager/lib/python3.12/site-packages/safety_manager-1.0.0-py3.12.egg-info/top_level.txt
-- Symlinking: /mnt/external/DIY/CameraModule/autonomous_rc/install/safety_manager/lib/python3.12/site-packages/safety_manager/__init__.py
-- Symlinking: /mnt/external/DIY/CameraModule/autonomous_rc/install/safety_manager/lib/python3.12/site-packages/safety_manager/_safety_manager_s.ep.rosidl_typesupport_c.c
-- Symlinking: /mnt/external/DIY/CameraModule/autonomous_rc/install/safety_manager/lib/python3.12/site-packages/safety_manager/_safety_manager_s.ep.rosidl_typesupport_fastrtps_c.c
-- Symlinking: /mnt/external/DIY/CameraModule/autonomous_rc/install/safety_manager/lib/python3.12/site-packages/safety_manager/_safety_manager_s.ep.rosidl_typesupport_introspection_c.c
-- Symlinking: /mnt/external/DIY/CameraModule/autonomous_rc/install/safety_manager/lib/python3.12/site-packages/safety_manager/msg/__init__.py
-- Symlinking: /mnt/external/DIY/CameraModule/autonomous_rc/install/safety_manager/lib/python3.12/site-packages/safety_manager/msg/_e_stop_status.py
-- Symlinking: /mnt/external/DIY/CameraModule/autonomous_rc/install/safety_manager/lib/python3.12/site-packages/safety_manager/msg/_e_stop_status_s.c
-- Symlinking: /mnt/external/DIY/CameraModule/autonomous_rc/install/safety_manager/lib/python3.12/site-packages/safety_manager/msg/_vehicle_state.py
-- Symlinking: /mnt/external/DIY/CameraModule/autonomous_rc/install/safety_manager/lib/python3.12/site-packages/safety_manager/msg/_vehicle_state_s.c
-- Symlinking: /mnt/external/DIY/CameraModule/autonomous_rc/install/safety_manager/lib/python3.12/site-packages/safety_manager/safety_manager_s__rosidl_typesupport_c.so
-- Symlinking: /mnt/external/DIY/CameraModule/autonomous_rc/install/safety_manager/lib/python3.12/site-packages/safety_manager/safety_manager_s__rosidl_typesupport_fastrtps_c.so
-- Symlinking: /mnt/external/DIY/CameraModule/autonomous_rc/install/safety_manager/lib/python3.12/site-packages/safety_manager/safety_manager_s__rosidl_typesupport_introspection_c.so
-- Up-to-date symlink: /mnt/external/DIY/CameraModule/autonomous_rc/install/safety_manager/lib/python3.12/site-packages/safety_manager/safety_manager_s__rosidl_typesupport_fastrtps_c.so
-- Up-to-date symlink: /mnt/external/DIY/CameraModule/autonomous_rc/install/safety_manager/lib/python3.12/site-packages/safety_manager/safety_manager_s__rosidl_typesupport_introspection_c.so
-- Up-to-date symlink: /mnt/external/DIY/CameraModule/autonomous_rc/install/safety_manager/lib/python3.12/site-packages/safety_manager/safety_manager_s__rosidl_typesupport_c.so
-- Symlinking: /mnt/external/DIY/CameraModule/autonomous_rc/install/safety_manager/share/safety_manager/rust/Cargo.toml
-- Symlinking: /mnt/external/DIY/CameraModule/autonomous_rc/install/safety_manager/share/safety_manager/rust/build.rs
-- Symlinking: /mnt/external/DIY/CameraModule/autonomous_rc/install/safety_manager/share/safety_manager/rust/src/lib.rs
-- Symlinking: /mnt/external/DIY/CameraModule/autonomous_rc/install/safety_manager/share/safety_manager/rust/src/msg.rs
-- Symlinking: /mnt/external/DIY/CameraModule/autonomous_rc/install/safety_manager/share/safety_manager/rust/src/msg/rmw.rs
-- Symlinking: /mnt/external/DIY/CameraModule/autonomous_rc/install/safety_manager/share/safety_manager/msg/EStopStatus.idl
-- Symlinking: /mnt/external/DIY/CameraModule/autonomous_rc/install/safety_manager/share/safety_manager/msg/VehicleState.idl
-- Symlinking: /mnt/external/DIY/CameraModule/autonomous_rc/install/safety_manager/share/safety_manager/msg/EStopStatus.msg
-- Symlinking: /mnt/external/DIY/CameraModule/autonomous_rc/install/safety_manager/share/safety_manager/msg/VehicleState.msg
-- Symlinking: /mnt/external/DIY/CameraModule/autonomous_rc/install/safety_manager/lib/safety_manager/estop_bridge_node
-- Symlinking: /mnt/external/DIY/CameraModule/autonomous_rc/install/safety_manager/share/safety_manager/launch/safety_manager.launch.py
-- Symlinking: /mnt/external/DIY/CameraModule/autonomous_rc/install/safety_manager/share/safety_manager/firmware/esp32_estop/esp32_estop.cpp
-- Symlinking: /mnt/external/DIY/CameraModule/autonomous_rc/install/safety_manager/share/safety_manager/firmware/esp32_estop/include/uart_protocol.hpp
-- Symlinking: /mnt/external/DIY/CameraModule/autonomous_rc/install/safety_manager/share/safety_manager/firmware/esp32_estop/platformio.ini
-- Symlinking: /mnt/external/DIY/CameraModule/autonomous_rc/install/safety_manager/share/ament_index/resource_index/package_run_dependencies/safety_manager
-- Symlinking: /mnt/external/DIY/CameraModule/autonomous_rc/install/safety_manager/share/ament_index/resource_index/parent_prefix_path/safety_manager
-- Symlinking: /mnt/external/DIY/CameraModule/autonomous_rc/install/safety_manager/share/safety_manager/environment/ament_prefix_path.sh
-- Symlinking: /mnt/external/DIY/CameraModule/autonomous_rc/install/safety_manager/share/safety_manager/environment/ament_prefix_path.dsv
-- Symlinking: /mnt/external/DIY/CameraModule/autonomous_rc/install/safety_manager/share/safety_manager/environment/path.sh
-- Symlinking: /mnt/external/DIY/CameraModule/autonomous_rc/install/safety_manager/share/safety_manager/environment/path.dsv
-- Symlinking: /mnt/external/DIY/CameraModule/autonomous_rc/install/safety_manager/share/safety_manager/local_setup.bash
-- Symlinking: /mnt/external/DIY/CameraModule/autonomous_rc/install/safety_manager/share/safety_manager/local_setup.sh
-- Symlinking: /mnt/external/DIY/CameraModule/autonomous_rc/install/safety_manager/share/safety_manager/local_setup.zsh
-- Symlinking: /mnt/external/DIY/CameraModule/autonomous_rc/install/safety_manager/share/safety_manager/local_setup.dsv
-- Symlinking: /mnt/external/DIY/CameraModule/autonomous_rc/install/safety_manager/share/safety_manager/package.dsv
-- Symlinking: /mnt/external/DIY/CameraModule/autonomous_rc/install/safety_manager/share/ament_index/resource_index/packages/safety_manager
-- Symlinking: /mnt/external/DIY/CameraModule/autonomous_rc/install/safety_manager/share/safety_manager/cmake/rosidl_cmake-extras.cmake
-- Symlinking: /mnt/external/DIY/CameraModule/autonomous_rc/install/safety_manager/share/safety_manager/cmake/ament_cmake_export_dependencies-extras.cmake
-- Symlinking: /mnt/external/DIY/CameraModule/autonomous_rc/install/safety_manager/share/safety_manager/cmake/ament_cmake_export_include_directories-extras.cmake
-- Symlinking: /mnt/external/DIY/CameraModule/autonomous_rc/install/safety_manager/share/safety_manager/cmake/ament_cmake_export_libraries-extras.cmake
-- Symlinking: /mnt/external/DIY/CameraModule/autonomous_rc/install/safety_manager/share/safety_manager/cmake/ament_cmake_export_targets-extras.cmake
-- Symlinking: /mnt/external/DIY/CameraModule/autonomous_rc/install/safety_manager/share/safety_manager/cmake/rosidl_cmake_export_typesupport_targets-extras.cmake
-- Symlinking: /mnt/external/DIY/CameraModule/autonomous_rc/install/safety_manager/share/safety_manager/cmake/rosidl_cmake_export_typesupport_libraries-extras.cmake
-- Symlinking: /mnt/external/DIY/CameraModule/autonomous_rc/install/safety_manager/share/safety_manager/cmake/rosidl_cmake_aggregate_target-extras.cmake
-- Symlinking: /mnt/external/DIY/CameraModule/autonomous_rc/install/safety_manager/share/safety_manager/cmake/safety_managerConfig.cmake
-- Symlinking: /mnt/external/DIY/CameraModule/autonomous_rc/install/safety_manager/share/safety_manager/cmake/safety_managerConfig-version.cmake
-- Symlinking: /mnt/external/DIY/CameraModule/autonomous_rc/install/safety_manager/share/safety_manager/package.xml
-- Installing: /mnt/external/DIY/CameraModule/autonomous_rc/install/safety_manager/lib/libsafety_manager__rosidl_generator_c.so
-- Installing: /mnt/external/DIY/CameraModule/autonomous_rc/install/safety_manager/lib/libsafety_manager__rosidl_typesupport_fastrtps_c.so
-- Set non-toolchain portion of runtime path of "/mnt/external/DIY/CameraModule/autonomous_rc/install/safety_manager/lib/libsafety_manager__rosidl_typesupport_fastrtps_c.so" to ""
-- Installing: /mnt/external/DIY/CameraModule/autonomous_rc/install/safety_manager/lib/libsafety_manager__rosidl_typesupport_fastrtps_cpp.so
-- Set non-toolchain portion of runtime path of "/mnt/external/DIY/CameraModule/autonomous_rc/install/safety_manager/lib/libsafety_manager__rosidl_typesupport_fastrtps_cpp.so" to ""
-- Installing: /mnt/external/DIY/CameraModule/autonomous_rc/install/safety_manager/lib/libsafety_manager__rosidl_typesupport_introspection_c.so
-- Set non-toolchain portion of runtime path of "/mnt/external/DIY/CameraModule/autonomous_rc/install/safety_manager/lib/libsafety_manager__rosidl_typesupport_introspection_c.so" to ""
-- Installing: /mnt/external/DIY/CameraModule/autonomous_rc/install/safety_manager/lib/libsafety_manager__rosidl_typesupport_c.so
-- Set non-toolchain portion of runtime path of "/mnt/external/DIY/CameraModule/autonomous_rc/install/safety_manager/lib/libsafety_manager__rosidl_typesupport_c.so" to ""
-- Installing: /mnt/external/DIY/CameraModule/autonomous_rc/install/safety_manager/lib/libsafety_manager__rosidl_typesupport_introspection_cpp.so
-- Set non-toolchain portion of runtime path of "/mnt/external/DIY/CameraModule/autonomous_rc/install/safety_manager/lib/libsafety_manager__rosidl_typesupport_introspection_cpp.so" to ""
-- Installing: /mnt/external/DIY/CameraModule/autonomous_rc/install/safety_manager/lib/libsafety_manager__rosidl_typesupport_cpp.so
-- Set non-toolchain portion of runtime path of "/mnt/external/DIY/CameraModule/autonomous_rc/install/safety_manager/lib/libsafety_manager__rosidl_typesupport_cpp.so" to ""
Listing '/mnt/external/DIY/CameraModule/autonomous_rc/install/safety_manager/lib/python3.12/site-packages/safety_manager'...
Compiling '/mnt/external/DIY/CameraModule/autonomous_rc/install/safety_manager/lib/python3.12/site-packages/safety_manager/__init__.py'...
Listing '/mnt/external/DIY/CameraModule/autonomous_rc/install/safety_manager/lib/python3.12/site-packages/safety_manager/msg'...
Compiling '/mnt/external/DIY/CameraModule/autonomous_rc/install/safety_manager/lib/python3.12/site-packages/safety_manager/msg/__init__.py'...
Compiling '/mnt/external/DIY/CameraModule/autonomous_rc/install/safety_manager/lib/python3.12/site-packages/safety_manager/msg/_e_stop_status.py'...
Compiling '/mnt/external/DIY/CameraModule/autonomous_rc/install/safety_manager/lib/python3.12/site-packages/safety_manager/msg/_vehicle_state.py'...
-- Installing: /mnt/external/DIY/CameraModule/autonomous_rc/install/safety_manager/lib/libsafety_manager__rosidl_generator_py.so
-- Set non-toolchain portion of runtime path of "/mnt/external/DIY/CameraModule/autonomous_rc/install/safety_manager/lib/libsafety_manager__rosidl_generator_py.so" to ""
-- Installing: /mnt/external/DIY/CameraModule/autonomous_rc/install/safety_manager/share/safety_manager/cmake/export_safety_manager__rosidl_generator_cExport.cmake
-- Installing: /mnt/external/DIY/CameraModule/autonomous_rc/install/safety_manager/share/safety_manager/cmake/export_safety_manager__rosidl_generator_cExport-release.cmake
-- Installing: /mnt/external/DIY/CameraModule/autonomous_rc/install/safety_manager/share/safety_manager/cmake/export_safety_manager__rosidl_typesupport_fastrtps_cExport.cmake
-- Installing: /mnt/external/DIY/CameraModule/autonomous_rc/install/safety_manager/share/safety_manager/cmake/export_safety_manager__rosidl_typesupport_fastrtps_cExport-release.cmake
-- Installing: /mnt/external/DIY/CameraModule/autonomous_rc/install/safety_manager/share/safety_manager/cmake/export_safety_manager__rosidl_generator_cppExport.cmake
-- Installing: /mnt/external/DIY/CameraModule/autonomous_rc/install/safety_manager/share/safety_manager/cmake/export_safety_manager__rosidl_typesupport_fastrtps_cppExport.cmake
-- Installing: /mnt/external/DIY/CameraModule/autonomous_rc/install/safety_manager/share/safety_manager/cmake/export_safety_manager__rosidl_typesupport_fastrtps_cppExport-release.cmake
-- Installing: /mnt/external/DIY/CameraModule/autonomous_rc/install/safety_manager/share/safety_manager/cmake/safety_manager__rosidl_typesupport_introspection_cExport.cmake
-- Installing: /mnt/external/DIY/CameraModule/autonomous_rc/install/safety_manager/share/safety_manager/cmake/safety_manager__rosidl_typesupport_introspection_cExport-release.cmake
-- Installing: /mnt/external/DIY/CameraModule/autonomous_rc/install/safety_manager/share/safety_manager/cmake/safety_manager__rosidl_typesupport_cExport.cmake
-- Installing: /mnt/external/DIY/CameraModule/autonomous_rc/install/safety_manager/share/safety_manager/cmake/safety_manager__rosidl_typesupport_cExport-release.cmake
-- Installing: /mnt/external/DIY/CameraModule/autonomous_rc/install/safety_manager/share/safety_manager/cmake/safety_manager__rosidl_typesupport_introspection_cppExport.cmake
-- Installing: /mnt/external/DIY/CameraModule/autonomous_rc/install/safety_manager/share/safety_manager/cmake/safety_manager__rosidl_typesupport_introspection_cppExport-release.cmake
-- Installing: /mnt/external/DIY/CameraModule/autonomous_rc/install/safety_manager/share/safety_manager/cmake/safety_manager__rosidl_typesupport_cppExport.cmake
-- Installing: /mnt/external/DIY/CameraModule/autonomous_rc/install/safety_manager/share/safety_manager/cmake/safety_manager__rosidl_typesupport_cppExport-release.cmake
-- Installing: /mnt/external/DIY/CameraModule/autonomous_rc/install/safety_manager/share/safety_manager/cmake/export_safety_manager__rosidl_generator_pyExport.cmake
-- Installing: /mnt/external/DIY/CameraModule/autonomous_rc/install/safety_manager/share/safety_manager/cmake/export_safety_manager__rosidl_generator_pyExport-release.cmake
