[0.020s] Invoking command in '/mnt/external/DIY/CameraModule/autonomous_rc/build/lidar_interface': CMAKE_PREFIX_PATH=/home/u_ramesa2/micromamba/envs/ros_env_jazzy CONDA_PROMPT_MODIFIER=(ros_env_jazzy) /home/u_ramesa2/micromamba/envs/ros_env_jazzy/bin/cmake /mnt/external/DIY/CameraModule/autonomous_rc/src/lidar_interface -DCMAKE_BUILD_TYPE=Release -DAMENT_CMAKE_SYMLINK_INSTALL=1 -DCMAKE_INSTALL_PREFIX=/mnt/external/DIY/CameraModule/autonomous_rc/install/lidar_interface
[0.088s] -- The C compiler identification is GNU 15.3.0
[0.213s] -- The CXX compiler identification is GNU 15.3.0
[0.224s] -- Detecting C compiler ABI info
[0.332s] -- Detecting C compiler ABI info - done
[0.360s] -- Check for working C compiler: /home/u_ramesa2/micromamba/envs/ros_env_jazzy/bin/cc - skipped
[0.361s] -- Detecting C compile features
[0.361s] -- Detecting C compile features - done
[0.378s] -- Detecting CXX compiler ABI info
[0.553s] -- Detecting CXX compiler ABI info - done
[0.583s] -- Check for working CXX compiler: /home/u_ramesa2/micromamba/envs/ros_env_jazzy/bin/c++ - skipped
[0.583s] -- Detecting CXX compile features
[0.584s] -- Detecting CXX compile features - done
[0.599s] -- Found ament_cmake: 2.5.6 (/home/u_ramesa2/micromamba/envs/ros_env_jazzy/share/ament_cmake/cmake)
[0.796s] -- Found Python3: /home/u_ramesa2/micromamba/envs/ros_env_jazzy/bin/python3 (found version "3.12.14") found components: Interpreter
[0.892s] -- Override CMake install command with custom implementation using symlinks instead of copying resources
[0.949s] -- Found rclcpp: 28.1.21 (/home/u_ramesa2/micromamba/envs/ros_env_jazzy/share/rclcpp/cmake)
[1.008s] -- Found rosidl_generator_c: 4.6.9 (/home/u_ramesa2/micromamba/envs/ros_env_jazzy/share/rosidl_generator_c/cmake)
[1.028s] -- Found rosidl_generator_cpp: 4.6.9 (/home/u_ramesa2/micromamba/envs/ros_env_jazzy/share/rosidl_generator_cpp/cmake)
[1.052s] -- Using all available rosidl_typesupport_c: rosidl_typesupport_fastrtps_c;rosidl_typesupport_introspection_c
[1.078s] -- Using all available rosidl_typesupport_cpp: rosidl_typesupport_fastrtps_cpp;rosidl_typesupport_introspection_cpp
[1.184s] -- Found rmw_implementation_cmake: 7.3.3 (/home/u_ramesa2/micromamba/envs/ros_env_jazzy/share/rmw_implementation_cmake/cmake)
[1.189s] -- Found rmw_fastrtps_cpp: 8.4.4 (/home/u_ramesa2/micromamba/envs/ros_env_jazzy/share/rmw_fastrtps_cpp/cmake)
[1.685s] -- Found OpenSSL: /home/u_ramesa2/micromamba/envs/ros_env_jazzy/lib/libcrypto.so (found version "3.6.4")
[1.743s] -- Found FastRTPS: /home/u_ramesa2/micromamba/envs/ros_env_jazzy/include (Required is at least version "2.13")
[1.818s] -- Using RMW implementation 'rmw_fastrtps_cpp' as default
[1.952s] -- Found sensor_msgs: 5.3.8 (/home/u_ramesa2/micromamba/envs/ros_env_jazzy/share/sensor_msgs/cmake)
[2.039s] -- Found ament_lint_auto: 0.17.5 (/home/u_ramesa2/micromamba/envs/ros_env_jazzy/share/ament_lint_auto/cmake)
[2.204s] -- Added test 'copyright' to check source files copyright and LICENSE
[2.206s] -- Added test 'cppcheck' to perform static code analysis on C / C++ code
[2.206s] -- Configured cppcheck include dirs: /mnt/external/DIY/CameraModule/autonomous_rc/src/lidar_interface/include
[2.206s] -- Configured cppcheck exclude dirs and/or files: 
[2.207s] -- Added test 'cpplint' to check C / C++ code against the Google style
[2.207s] -- Configured cpplint exclude dirs and/or files: 
[2.208s] -- Added test 'flake8' to check Python code syntax and style conventions
[2.208s] -- Configured 'flake8' exclude dirs and/or files: 
[2.209s] -- Added test 'lint_cmake' to check CMake code style
[2.209s] -- Added test 'pep257' to check Python code against some of the docstring style conventions in PEP 257
[2.211s] -- Added test 'uncrustify' to check C / C++ code style
[2.211s] -- Configured uncrustify additional arguments: 
[2.212s] -- Added test 'xmllint' to check XML markup files
[2.214s] -- Configuring done (2.2s)
[2.234s] -- Generating done (0.0s)
[2.290s] -- Build files have been written to: /mnt/external/DIY/CameraModule/autonomous_rc/build/lidar_interface
[2.303s] Invoked command in '/mnt/external/DIY/CameraModule/autonomous_rc/build/lidar_interface' returned '0': CMAKE_PREFIX_PATH=/home/u_ramesa2/micromamba/envs/ros_env_jazzy CONDA_PROMPT_MODIFIER=(ros_env_jazzy) /home/u_ramesa2/micromamba/envs/ros_env_jazzy/bin/cmake /mnt/external/DIY/CameraModule/autonomous_rc/src/lidar_interface -DCMAKE_BUILD_TYPE=Release -DAMENT_CMAKE_SYMLINK_INSTALL=1 -DCMAKE_INSTALL_PREFIX=/mnt/external/DIY/CameraModule/autonomous_rc/install/lidar_interface
[2.305s] Invoking command in '/mnt/external/DIY/CameraModule/autonomous_rc/build/lidar_interface': CMAKE_PREFIX_PATH=/home/u_ramesa2/micromamba/envs/ros_env_jazzy CONDA_PROMPT_MODIFIER=(ros_env_jazzy) /home/u_ramesa2/micromamba/envs/ros_env_jazzy/bin/cmake --build /mnt/external/DIY/CameraModule/autonomous_rc/build/lidar_interface -- -j20 -l20
[2.368s] [ 33%] Building CXX object CMakeFiles/scan_filter_node.dir/src/main.cpp.o
[2.369s] [ 66%] Building CXX object CMakeFiles/scan_filter_node.dir/src/scan_filter_node.cpp.o
[17.592s] [100%] Linking CXX executable scan_filter_node
[17.759s] [100%] Built target scan_filter_node
[17.798s] Invoked command in '/mnt/external/DIY/CameraModule/autonomous_rc/build/lidar_interface' returned '0': CMAKE_PREFIX_PATH=/home/u_ramesa2/micromamba/envs/ros_env_jazzy CONDA_PROMPT_MODIFIER=(ros_env_jazzy) /home/u_ramesa2/micromamba/envs/ros_env_jazzy/bin/cmake --build /mnt/external/DIY/CameraModule/autonomous_rc/build/lidar_interface -- -j20 -l20
[17.799s] Invoking command in '/mnt/external/DIY/CameraModule/autonomous_rc/build/lidar_interface': CMAKE_PREFIX_PATH=/home/u_ramesa2/micromamba/envs/ros_env_jazzy CONDA_PROMPT_MODIFIER=(ros_env_jazzy) /home/u_ramesa2/micromamba/envs/ros_env_jazzy/bin/cmake --install /mnt/external/DIY/CameraModule/autonomous_rc/build/lidar_interface
[17.807s] -- Install configuration: "Release"
[17.808s] -- Execute custom install script
[17.808s] -- Symlinking: /mnt/external/DIY/CameraModule/autonomous_rc/install/lidar_interface/lib/lidar_interface/scan_filter_node
[17.818s] -- Symlinking: /mnt/external/DIY/CameraModule/autonomous_rc/install/lidar_interface/share/lidar_interface/launch/lidar_interface.launch.py
[17.829s] -- Symlinking: /mnt/external/DIY/CameraModule/autonomous_rc/install/lidar_interface/share/lidar_interface/config/rplidar.yaml
[17.837s] -- Symlinking: /mnt/external/DIY/CameraModule/autonomous_rc/install/lidar_interface/share/ament_index/resource_index/package_run_dependencies/lidar_interface
[17.849s] -- Symlinking: /mnt/external/DIY/CameraModule/autonomous_rc/install/lidar_interface/share/ament_index/resource_index/parent_prefix_path/lidar_interface
[17.858s] -- Symlinking: /mnt/external/DIY/CameraModule/autonomous_rc/install/lidar_interface/share/lidar_interface/environment/ament_prefix_path.sh
[17.868s] -- Symlinking: /mnt/external/DIY/CameraModule/autonomous_rc/install/lidar_interface/share/lidar_interface/environment/ament_prefix_path.dsv
[17.878s] -- Symlinking: /mnt/external/DIY/CameraModule/autonomous_rc/install/lidar_interface/share/lidar_interface/environment/path.sh
[17.888s] -- Symlinking: /mnt/external/DIY/CameraModule/autonomous_rc/install/lidar_interface/share/lidar_interface/environment/path.dsv
[17.897s] -- Symlinking: /mnt/external/DIY/CameraModule/autonomous_rc/install/lidar_interface/share/lidar_interface/local_setup.bash
[17.907s] -- Symlinking: /mnt/external/DIY/CameraModule/autonomous_rc/install/lidar_interface/share/lidar_interface/local_setup.sh
[17.918s] -- Symlinking: /mnt/external/DIY/CameraModule/autonomous_rc/install/lidar_interface/share/lidar_interface/local_setup.zsh
[17.927s] -- Symlinking: /mnt/external/DIY/CameraModule/autonomous_rc/install/lidar_interface/share/lidar_interface/local_setup.dsv
[17.936s] -- Symlinking: /mnt/external/DIY/CameraModule/autonomous_rc/install/lidar_interface/share/lidar_interface/package.dsv
[17.944s] -- Symlinking: /mnt/external/DIY/CameraModule/autonomous_rc/install/lidar_interface/share/ament_index/resource_index/packages/lidar_interface
[17.952s] -- Symlinking: /mnt/external/DIY/CameraModule/autonomous_rc/install/lidar_interface/share/lidar_interface/cmake/lidar_interfaceConfig.cmake
[17.960s] -- Symlinking: /mnt/external/DIY/CameraModule/autonomous_rc/install/lidar_interface/share/lidar_interface/cmake/lidar_interfaceConfig-version.cmake
[17.970s] -- Symlinking: /mnt/external/DIY/CameraModule/autonomous_rc/install/lidar_interface/share/lidar_interface/package.xml
[17.981s] Invoked command in '/mnt/external/DIY/CameraModule/autonomous_rc/build/lidar_interface' returned '0': CMAKE_PREFIX_PATH=/home/u_ramesa2/micromamba/envs/ros_env_jazzy CONDA_PROMPT_MODIFIER=(ros_env_jazzy) /home/u_ramesa2/micromamba/envs/ros_env_jazzy/bin/cmake --install /mnt/external/DIY/CameraModule/autonomous_rc/build/lidar_interface
